Component: ARM Compiler 5.06 update 4 (build 422) Tool: armlink [4d35d2]

==============================================================================

Section Cross References

    startup_stm32f0xx.o(RESET) refers to startup_stm32f0xx.o(STACK) for __initial_sp
    startup_stm32f0xx.o(RESET) refers to startup_stm32f0xx.o(.text) for Reset_Handler
    startup_stm32f0xx.o(RESET) refers to stm32f0xx_it.o(.text) for NMI_Handler
    startup_stm32f0xx.o(.text) refers to system_stm32f0xx.o(.text) for SystemInit
    startup_stm32f0xx.o(.text) refers to entry.o(.ARM.Collect$$$$00000000) for __main
    system_stm32f0xx.o(.text) refers to uidiv.o(.text) for __aeabi_uidivmod
    system_stm32f0xx.o(.text) refers to system_stm32f0xx.o(.data) for SystemCoreClock
    stm32f0xx_adc.o(.text) refers to stm32f0xx_rcc.o(.text) for RCC_APB2PeriphResetCmd
    stm32f0xx_cec.o(.text) refers to stm32f0xx_rcc.o(.text) for RCC_APB1PeriphResetCmd
    stm32f0xx_dac.o(.text) refers to stm32f0xx_rcc.o(.text) for RCC_APB1PeriphResetCmd
    stm32f0xx_gpio.o(.text) refers to stm32f0xx_rcc.o(.text) for RCC_AHBPeriphResetCmd
    stm32f0xx_i2c.o(.text) refers to stm32f0xx_rcc.o(.text) for RCC_APB1PeriphResetCmd
    stm32f0xx_pwr.o(.text) refers to stm32f0xx_rcc.o(.text) for RCC_APB1PeriphResetCmd
    stm32f0xx_rcc.o(.text) refers to uidiv.o(.text) for __aeabi_uidivmod
    stm32f0xx_rcc.o(.text) refers to stm32f0xx_rcc.o(.data) for APBAHBPrescTable
    stm32f0xx_spi.o(.text) refers to stm32f0xx_rcc.o(.text) for RCC_APB2PeriphResetCmd
    stm32f0xx_spi.o(.text) refers to uidiv.o(.text) for __aeabi_uidivmod
    stm32f0xx_tim.o(.text) refers to stm32f0xx_rcc.o(.text) for RCC_APB2PeriphResetCmd
    stm32f0xx_usart.o(.text) refers to stm32f0xx_rcc.o(.text) for RCC_APB2PeriphResetCmd
    stm32f0xx_usart.o(.text) refers to uidiv.o(.text) for __aeabi_uidivmod
    stm32f0xx_wwdg.o(.text) refers to stm32f0xx_rcc.o(.text) for RCC_APB1PeriphResetCmd
    main.o(.text) refers to bsp.o(.text) for BSP_Init
    main.o(.text) refers to bsp_led.o(.text) for LED_SetStatus
    main.o(.text) refers to bsp_dac.o(.text) for DAC_VolOutput
    main.o(.text) refers to infrareceive.o(.text) for InfraRecvProcess
    main.o(.text) refers to 74hc595.o(.text) for TUBE_ShowData
    main.o(.text) refers to internalmodbus.o(.text) for MODS_CommProcess
    main.o(.text) refers to main.o(.data) for tube_num
    stm32f0xx_it.o(.text) refers to stm32f0xx_exti.o(.text) for EXTI_GetITStatus
    stm32f0xx_it.o(.text) refers to stm32f0xx_tim.o(.text) for TIM_GetITStatus
    stm32f0xx_it.o(.text) refers to bsp_usart.o(.text) for UartIRQ
    stm32f0xx_it.o(.text) refers to stm32f0xx_gpio.o(.text) for GPIO_ReadInputDataBit
    stm32f0xx_it.o(.text) refers to bsp_led.o(.text) for LED_SetStatus
    stm32f0xx_it.o(.text) refers to stm32f0xx_it.o(.data) for tim2_tick_count
    stm32f0xx_it.o(.text) refers to 74hc595.o(.data) for tube_flag
    stm32f0xx_it.o(.text) refers to main.o(.data) for tim2_1s_flag
    stm32f0xx_it.o(.text) refers to bsp_usart.o(.bss) for g_tUart1
    stm32f0xx_it.o(.text) refers to infrareceive.o(.data) for infra_led_mark
    bsp.o(.text) refers to printf1.o(i.__0printf$1) for __2printf
    bsp.o(.text) refers to bsp_systick.o(.text) for SystickConfig
    bsp.o(.text) refers to bsp_timer.o(.text) for TIM2_InitConfig
    bsp.o(.text) refers to bsp_usart.o(.text) for USART_GPIO_Init
    bsp.o(.text) refers to bsp_led.o(.text) for LED_Init
    bsp.o(.text) refers to 74hc595.o(.text) for HC595Init
    bsp.o(.text) refers to bsp_dac.o(.text) for DAC_InitConfig
    bsp.o(.text) refers to infrareceive.o(.text) for Infra_Init
    bsp_usart.o(.text) refers to internalmodbus.o(.text) for MODS_ReceieveNew
    bsp_usart.o(.text) refers to stm32f0xx_misc.o(.text) for NVIC_Init
    bsp_usart.o(.text) refers to stm32f0xx_rcc.o(.text) for RCC_AHBPeriphClockCmd
    bsp_usart.o(.text) refers to stm32f0xx_gpio.o(.text) for GPIO_PinAFConfig
    bsp_usart.o(.text) refers to stm32f0xx_usart.o(.text) for USART_Init
    bsp_usart.o(.text) refers to bsp_usart.o(.bss) for g_tUart1
    bsp_systick.o(.text) refers to bsp_systick.o(.data) for fac_us
    bsp_exti.o(.text) refers to stm32f0xx_rcc.o(.text) for RCC_AHBPeriphClockCmd
    bsp_exti.o(.text) refers to stm32f0xx_gpio.o(.text) for GPIO_Init
    bsp_exti.o(.text) refers to stm32f0xx_syscfg.o(.text) for SYSCFG_EXTILineConfig
    bsp_exti.o(.text) refers to stm32f0xx_exti.o(.text) for EXTI_Init
    bsp_exti.o(.text) refers to stm32f0xx_misc.o(.text) for NVIC_Init
    bsp_dac.o(.text) refers to stm32f0xx_rcc.o(.text) for RCC_APB1PeriphClockCmd
    bsp_dac.o(.text) refers to stm32f0xx_gpio.o(.text) for GPIO_Init
    bsp_dac.o(.text) refers to stm32f0xx_dac.o(.text) for DAC_Init
    bsp_dac.o(.text) refers to f2d.o(.text) for __aeabi_f2d
    bsp_dac.o(.text) refers to ddiv.o(.text) for __aeabi_ddiv
    bsp_dac.o(.text) refers to dmul.o(.text) for __aeabi_dmul
    bsp_dac.o(.text) refers to d2f.o(.text) for __aeabi_d2f
[...]
    printf0.o(i.__0sprintf$0) refers to printf0.o(i._sputc) for _sputc
    printf0.o(i.__0vfprintf$0) refers to printf0.o(i._printf_core) for _printf_core
    printf0.o(i.__0vfprintf$0) refers to fputc.o(i.fputc) for fputc
    printf0.o(i.__0vprintf$0) refers to printf0.o(i._printf_core) for _printf_core
    printf0.o(i.__0vprintf$0) refers to fputc.o(i.fputc) for fputc
    printf0.o(i.__0vprintf$0) refers to stdout.o(.data) for __stdout
    printf0.o(i.__0vsnprintf$0) refers to printf0.o(i._printf_core) for _printf_core
    printf0.o(i.__0vsnprintf$0) refers to printf0.o(i._snputc) for _snputc
    printf0.o(i.__0vsprintf$0) refers to printf0.o(i._printf_core) for _printf_core
    printf0.o(i.__0vsprintf$0) refers to printf0.o(i._sputc) for _sputc
    printf1.o(i.__0fprintf$1) refers to printf1.o(i._printf_core) for _printf_core
    printf1.o(i.__0fprintf$1) refers to fputc.o(i.fputc) for fputc
    printf1.o(i.__0printf$1) refers to printf1.o(i._printf_core) for _printf_core
    printf1.o(i.__0printf$1) refers to fputc.o(i.fputc) for fputc
    printf1.o(i.__0printf$1) refers to stdout.o(.data) for __stdout
    printf1.o(i.__0snprintf$1) refers to printf1.o(i._printf_core) for _printf_core
    printf1.o(i.__0snprintf$1) refers to printf1.o(i._snputc) for _snputc
    printf1.o(i.__0sprintf$1) refers to printf1.o(i._printf_core) for _printf_core
    printf1.o(i.__0sprintf$1) refers to printf1.o(i._sputc) for _sputc
    printf1.o(i.__0vfprintf$1) refers to printf1.o(i._printf_core) for _printf_core
    printf1.o(i.__0vfprintf$1) refers to fputc.o(i.fputc) for fputc
    printf1.o(i.__0vprintf$1) refers to printf1.o(i._printf_core) for _printf_core
    printf1.o(i.__0vprintf$1) refers to fputc.o(i.fputc) for fputc
    printf1.o(i.__0vprintf$1) refers to stdout.o(.data) for __stdout
    printf1.o(i.__0vsnprintf$1) refers to printf1.o(i._printf_core) for _printf_core
    printf1.o(i.__0vsnprintf$1) refers to printf1.o(i._snputc) for _snputc
    printf1.o(i.__0vsprintf$1) refers to printf1.o(i._printf_core) for _printf_core
    printf1.o(i.__0vsprintf$1) refers to printf1.o(i._sputc) for _sputc
    printf1.o(i._printf_core) refers to uidiv.o(.text) for __aeabi_uidivmod
    printf2.o(i.__0fprintf$2) refers to printf2.o(i._printf_core) for _printf_core
    printf2.o(i.__0fprintf$2) refers to fputc.o(i.fputc) for fputc
    printf2.o(i.__0printf$2) refers to printf2.o(i._printf_core) for _printf_core
    printf2.o(i.__0printf$2) refers to fputc.o(i.fputc) for fputc
    printf2.o(i.__0printf$2) refers to stdout.o(.data) for __stdout
    printf2.o(i.__0snprintf$2) refers to printf2.o(i._printf_core) for _printf_core
    printf2.o(i.__0snprintf$2) refers to printf2.o(i._snputc) for _snputc
    printf2.o(i.__0sprintf$2) refers to printf2.o(i._printf_core) for _printf_core
    printf2.o(i.__0sprintf$2) refers to printf2.o(i._sputc) for _sputc
    printf2.o(i.__0vfprintf$2) refers to printf2.o(i._printf_core) for _printf_core
    printf2.o(i.__0vfprintf$2) refers to fputc.o(i.fputc) for fputc
    printf2.o(i.__0vprintf$2) refers to printf2.o(i._printf_core) for _printf_core
    printf2.o(i.__0vprintf$2) refers to fputc.o(i.fputc) for fputc
    printf2.o(i.__0vprintf$2) refers to stdout.o(.data) for __stdout
    printf2.o(i.__0vsnprintf$2) refers to printf2.o(i._printf_core) for _printf_core
    printf2.o(i.__0vsnprintf$2) refers to printf2.o(i._snputc) for _snputc
    printf2.o(i.__0vsprintf$2) refers to printf2.o(i._printf_core) for _printf_core
    printf2.o(i.__0vsprintf$2) refers to printf2.o(i._sputc) for _sputc
    printf3.o(i.__0fprintf$3) refers to printf3.o(i._printf_core) for _printf_core
    printf3.o(i.__0fprintf$3) refers to fputc.o(i.fputc) for fputc
    printf3.o(i.__0printf$3) refers to printf3.o(i._printf_core) for _printf_core
    printf3.o(i.__0printf$3) refers to fputc.o(i.fputc) for fputc
    printf3.o(i.__0printf$3) refers to stdout.o(.data) for __stdout
    printf3.o(i.__0snprintf$3) refers to printf3.o(i._printf_core) for _printf_core
    printf3.o(i.__0snprintf$3) refers to printf3.o(i._snputc) for _snputc
    printf3.o(i.__0sprintf$3) refers to printf3.o(i._printf_core) for _printf_core
    printf3.o(i.__0sprintf$3) refers to printf3.o(i._sputc) for _sputc
    printf3.o(i.__0vfprintf$3) refers to printf3.o(i._printf_core) for _printf_core
    printf3.o(i.__0vfprintf$3) refers to fputc.o(i.fputc) for fputc
    printf3.o(i.__0vprintf$3) refers to printf3.o(i._printf_core) for _printf_core
    printf3.o(i.__0vprintf$3) refers to fputc.o(i.fputc) for fputc
    printf3.o(i.__0vprintf$3) refers to stdout.o(.data) for __stdout
    printf3.o(i.__0vsnprintf$3) refers to printf3.o(i._printf_core) for _printf_core
    printf3.o(i.__0vsnprintf$3) refers to printf3.o(i._snputc) for _snputc
    printf3.o(i.__0vsprintf$3) refers to printf3.o(i._printf_core) for _printf_core
    printf3.o(i.__0vsprintf$3) refers to printf3.o(i._sputc) for _sputc
    printf3.o(i._printf_core) refers to uidiv.o(.text) for __aeabi_uidivmod
    printf4.o(i.__0fprintf$4) refers to printf4.o(i._printf_core) for _printf_core
    printf4.o(i.__0fprintf$4) refers to fputc.o(i.fputc) for fputc
    printf4.o(i.__0printf$4) refers to printf4.o(i._printf_core) for _printf_core
    printf4.o(i.__0printf$4) refers to fputc.o(i.fputc) for fputc
    printf4.o(i.__0printf$4) refers to stdout.o(.data) for __stdout
    printf4.o(i.__0snprintf$4) refers to printf4.o(i._printf_core) for _printf_core
    printf4.o(i.__0snprintf$4) refers to printf4.o(i._snputc) for _snputc
    printf4.o(i.__0sprintf$4) refers to printf4.o(i._printf_core) for _printf_core
    printf4.o(i.__0sprintf$4) refers to printf4.o(i._sputc) for _sputc
    printf4.o(i.__0vfprintf$4) refers to printf4.o(i._printf_core) for _printf_core
    printf4.o(i.__0vfprintf$4) refers to fputc.o(i.fputc) for fputc
    printf4.o(i.__0vprintf$4) refers to printf4.o(i._printf_core) for _printf_core
    printf4.o(i.__0vprintf$4) refers to fputc.o(i.fputc) for fputc
    printf4.o(i.__0vprintf$4) refers to stdout.o(.data) for __stdout
    printf4.o(i.__0vsnprintf$4) refers to printf4.o(i._printf_core) for _printf_core
    printf4.o(i.__0vsnprintf$4) refers to printf4.o(i._snputc) for _snputc
    printf4.o(i.__0vsprintf$4) refers to printf4.o(i._printf_core) for _printf_core
    printf4.o(i.__0vsprintf$4) refers to printf4.o(i._sputc) for _sputc
    printf4.o(i._printf_core) refers to uldiv.o(.text) for __aeabi_uldivmod
    printf5.o(i.__0fprintf$5) refers to printf5.o(i._printf_core) for _printf_core
    printf5.o(i.__0fprintf$5) refers to fputc.o(i.fputc) for fputc
    printf5.o(i.__0printf$5) refers to printf5.o(i._printf_core) for _printf_core
    printf5.o(i.__0printf$5) refers to fputc.o(i.fputc) for fputc
    printf5.o(i.__0printf$5) refers to stdout.o(.data) for __stdout
    printf5.o(i.__0snprintf$5) refers to printf5.o(i._printf_core) for _printf_core
    printf5.o(i.__0snprintf$5) refers to printf5.o(i._snputc) for _snputc
    printf5.o(i.__0sprintf$5) refers to printf5.o(i._printf_core) for _printf_core
    printf5.o(i.__0sprintf$5) refers to printf5.o(i._sputc) for _sputc
    printf5.o(i.__0vfprintf$5) refers to printf5.o(i._printf_core) for _printf_core
    printf5.o(i.__0vfprintf$5) refers to fputc.o(i.fputc) for fputc
    printf5.o(i.__0vprintf$5) refers to printf5.o(i._printf_core) for _printf_core
    printf5.o(i.__0vprintf$5) refers to fputc.o(i.fputc) for fputc
    printf5.o(i.__0vprintf$5) refers to stdout.o(.data) for __stdout
    printf5.o(i.__0vsnprintf$5) refers to printf5.o(i._printf_core) for _printf_core
    printf5.o(i.__0vsnprintf$5) refers to printf5.o(i._snputc) for _snputc
    printf5.o(i.__0vsprintf$5) refers to printf5.o(i._printf_core) for _printf_core
    printf5.o(i.__0vsprintf$5) refers to printf5.o(i._sputc) for _sputc
    printf5.o(i._printf_core) refers to uldiv.o(.text) for __aeabi_uldivmod
    printf6.o(i.__0fprintf$6) refers to printf6.o(i._printf_core) for _printf_core
    printf6.o(i.__0fprintf$6) refers to fputc.o(i.fputc) for fputc
    printf6.o(i.__0printf$6) refers to printf6.o(i._printf_core) for _printf_core
    printf6.o(i.__0printf$6) refers to fputc.o(i.fputc) for fputc
    printf6.o(i.__0printf$6) refers to stdout.o(.data) for __stdout
    printf6.o(i.__0snprintf$6) refers to printf6.o(i._printf_core) for _printf_core
    printf6.o(i.__0snprintf$6) refers to printf6.o(i._snputc) for _snputc
    printf6.o(i.__0sprintf$6) refers to printf6.o(i._printf_core) for _printf_core
    printf6.o(i.__0sprintf$6) refers to printf6.o(i._sputc) for _sputc
    printf6.o(i.__0vfprintf$6) refers to printf6.o(i._printf_core) for _printf_core
    printf6.o(i.__0vfprintf$6) refers to fputc.o(i.fputc) for fputc
    printf6.o(i.__0vprintf$6) refers to printf6.o(i._printf_core) for _printf_core
    printf6.o(i.__0vprintf$6) refers to fputc.o(i.fputc) for fputc
    printf6.o(i.__0vprintf$6) refers to stdout.o(.data) for __stdout
    printf6.o(i.__0vsnprintf$6) refers to printf6.o(i._printf_core) for _printf_core
    printf6.o(i.__0vsnprintf$6) refers to printf6.o(i._snputc) for _snputc
    printf6.o(i.__0vsprintf$6) refers to printf6.o(i._printf_core) for _printf_core
    printf6.o(i.__0vsprintf$6) refers to printf6.o(i._sputc) for _sputc
    printf6.o(i._printf_core) refers to printf6.o(i._printf_pre_padding) for _printf_pre_padding
    printf6.o(i._printf_core) refers to printf6.o(i._printf_post_padding) for _printf_post_padding
    printf6.o(i._printf_core) refers to uidiv.o(.text) for __aeabi_uidivmod
    printf7.o(i.__0fprintf$7) refers to printf7.o(i._printf_core) for _printf_core
    printf7.o(i.__0fprintf$7) refers to fputc.o(i.fputc) for fputc
    printf7.o(i.__0printf$7) refers to printf7.o(i._printf_core) for _printf_core
    printf7.o(i.__0printf$7) refers to fputc.o(i.fputc) for fputc
    printf7.o(i.__0printf$7) refers to stdout.o(.data) for __stdout
    printf7.o(i.__0snprintf$7) refers to printf7.o(i._printf_core) for _printf_core
    printf7.o(i.__0snprintf$7) refers to printf7.o(i._snputc) for _snputc
    printf7.o(i.__0sprintf$7) refers to printf7.o(i._printf_core) for _printf_core
    printf7.o(i.__0sprintf$7) refers to printf7.o(i._sputc) for _sputc
    printf7.o(i.__0vfprintf$7) refers to printf7.o(i._printf_core) for _printf_core
    printf7.o(i.__0vfprintf$7) refers to fputc.o(i.fputc) for fputc
    printf7.o(i.__0vprintf$7) refers to printf7.o(i._printf_core) for _printf_core
    printf7.o(i.__0vprintf$7) refers to fputc.o(i.fputc) for fputc
    printf7.o(i.__0vprintf$7) refers to stdout.o(.data) for __stdout
    printf7.o(i.__0vsnprintf$7) refers to printf7.o(i._printf_core) for _printf_core
    printf7.o(i.__0vsnprintf$7) refers to printf7.o(i._snputc) for _snputc
    printf7.o(i.__0vsprintf$7) refers to printf7.o(i._printf_core) for _printf_core
    printf7.o(i.__0vsprintf$7) refers to printf7.o(i._sputc) for _sputc
    printf7.o(i._printf_core) refers to printf7.o(i._printf_pre_padding) for _printf_pre_padding
    printf7.o(i._printf_core) refers to printf7.o(i._printf_post_padding) for _printf_post_padding
    printf7.o(i._printf_core) refers to uldiv.o(.text) for __aeabi_uldivmod
    printf8.o(i.__0fprintf$8) refers to printf8.o(i._printf_core) for _printf_core
    printf8.o(i.__0fprintf$8) refers to fputc.o(i.fputc) for fputc
    printf8.o(i.__0printf$8) refers to printf8.o(i._printf_core) for _printf_core
    printf8.o(i.__0printf$8) refers to fputc.o(i.fputc) for fputc
    printf8.o(i.__0printf$8) refers to stdout.o(.data) for __stdout
    printf8.o(i.__0snprintf$8) refers to printf8.o(i._printf_core) for _printf_core
    printf8.o(i.__0snprintf$8) refers to printf8.o(i._snputc) for _snputc
    printf8.o(i.__0sprintf$8) refers to printf8.o(i._printf_core) for _printf_core
    printf8.o(i.__0sprintf$8) refers to printf8.o(i._sputc) for _sputc
    printf8.o(i.__0vfprintf$8) refers to printf8.o(i._printf_core) for _printf_core
    printf8.o(i.__0vfprintf$8) refers to fputc.o(i.fputc) for fputc
    printf8.o(i.__0vprintf$8) refers to printf8.o(i._printf_core) for _printf_core
    printf8.o(i.__0vprintf$8) refers to fputc.o(i.fputc) for fputc
    printf8.o(i.__0vprintf$8) refers to stdout.o(.data) for __stdout
    printf8.o(i.__0vsnprintf$8) refers to printf8.o(i._printf_core) for _printf_core
    printf8.o(i.__0vsnprintf$8) refers to printf8.o(i._snputc) for _snputc
    printf8.o(i.__0vsprintf$8) refers to printf8.o(i._printf_core) for _printf_core
    printf8.o(i.__0vsprintf$8) refers to printf8.o(i._sputc) for _sputc
    printf8.o(i._printf_core) refers to printf8.o(i._printf_pre_padding) for _printf_pre_padding
    printf8.o(i._printf_core) refers to printf8.o(i._printf_post_padding) for _printf_post_padding
    printf8.o(i._printf_core) refers to uldiv.o(.text) for __aeabi_uldivmod
    printfa.o(i.__0fprintf) refers (Special) to iusefp.o(.text) for __I$use$fp
    printfa.o(i.__0fprintf) refers to printfa.o(i._printf_core) for _printf_core
    printfa.o(i.__0fprintf) refers to fputc.o(i.fputc) for fputc
    printfa.o(i.__0printf) refers (Special) to iusefp.o(.text) for __I$use$fp
    printfa.o(i.__0printf) refers to printfa.o(i._printf_core) for _printf_core
    printfa.o(i.__0printf) refers to fputc.o(i.fputc) for fputc
    printfa.o(i.__0printf) refers to stdout.o(.data) for __stdout
    printfa.o(i.__0snprintf) refers (Special) to iusefp.o(.text) for __I$use$fp
    printfa.o(i.__0snprintf) refers to printfa.o(i._printf_core) for _printf_core
    printfa.o(i.__0snprintf) refers to printfa.o(i._snputc) for _snputc
    printfa.o(i.__0sprintf) refers (Special) to iusefp.o(.text) for __I$use$fp
    printfa.o(i.__0sprintf) refers to printfa.o(i._printf_core) for _printf_core
    printfa.o(i.__0sprintf) refers to printfa.o(i._sputc) for _sputc
    printfa.o(i.__0vfprintf) refers (Special) to iusefp.o(.text) for __I$use$fp
    printfa.o(i.__0vfprintf) refers to printfa.o(i._printf_core) for _printf_core
    printfa.o(i.__0vfprintf) refers to fputc.o(i.fputc) for fputc
    printfa.o(i.__0vprintf) refers (Special) to iusefp.o(.text) for __I$use$fp
    printfa.o(i.__0vprintf) refers to printfa.o(i._printf_core) for _printf_core
    printfa.o(i.__0vprintf) refers to fputc.o(i.fputc) for fputc
    printfa.o(i.__0vprintf) refers to stdout.o(.data) for __stdout
    printfa.o(i.__0vsnprintf) refers (Special) to iusefp.o(.text) for __I$use$fp
    printfa.o(i.__0vsnprintf) refers to printfa.o(i._printf_core) for _printf_core
    printfa.o(i.__0vsnprintf) refers to printfa.o(i._snputc) for _snputc
    printfa.o(i.__0vsprintf) refers (Special) to iusefp.o(.text) for __I$use$fp
    printfa.o(i.__0vsprintf) refers to printfa.o(i._printf_core) for _printf_core
    printfa.o(i.__0vsprintf) refers to printfa.o(i._sputc) for _sputc
    printfa.o(i._fp_digits) refers (Special) to iusefp.o(.text) for __I$use$fp
    printfa.o(i._fp_digits) refers to dmul.o(.text) for __aeabi_dmul
    printfa.o(i._fp_digits) refers to ddiv.o(.text) for __aeabi_ddiv
    printfa.o(i._fp_digits) refers to cdrcmple.o(.text) for __aeabi_cdrcmple
    printfa.o(i._fp_digits) refers to dadd.o(.text) for __aeabi_dadd
    printfa.o(i._fp_digits) refers to dfixul.o(.text) for __aeabi_d2ulz
    printfa.o(i._fp_digits) refers to uldiv.o(.text) for __aeabi_uldivmod
    printfa.o(i._printf_core) refers (Special) to iusefp.o(.text) for __I$use$fp
    printfa.o(i._printf_core) refers to printfa.o(i._printf_pre_padding) for _printf_pre_padding
    printfa.o(i._printf_core) refers to uldiv.o(.text) for __aeabi_uldivmod
    printfa.o(i._printf_core) refers to printfa.o(i._printf_post_padding) for _printf_post_padding
    printfa.o(i._printf_core) refers to printfa.o(i._fp_digits) for _fp_digits
    printfa.o(i._printf_core) refers to uidiv.o(.text) for __aeabi_uidivmod
    printfa.o(i._printf_post_padding) refers (Special) to iusefp.o(.text) for __I$use$fp
    printfa.o(i._printf_pre_padding) refers (Special) to iusefp.o(.text) for __I$use$fp
    printfa.o(i._snputc) refers (Special) to iusefp.o(.text) for __I$use$fp
    printfa.o(i._sputc) refers (Special) to iusefp.o(.text) for __I$use$fp
    dmul.o(.text) refers (Special) to iusefp.o(.text) for __I$use$fp
    dmul.o(.text) refers to depilogue.o(.text) for _double_epilogue
    ddiv.o(.text) refers (Special) to iusefp.o(.text) for __I$use$fp
    ddiv.o(.text) refers to depilogue.o(.text) for _double_round
    ffixui.o(.text) refers (Special) to iusefp.o(.text) for __I$use$fp
    f2d.o(.text) refers (Special) to iusefp.o(.text) for __I$use$fp
    d2f.o(.text) refers (Special) to iusefp.o(.text) for __I$use$fp
    d2f.o(.text) refers to fepilogue.o(.text) for _float_round
    entry2.o(.ARM.Collect$$$$00000001) refers to entry2.o(.ARM.Collect$$$$00002712) for __lit__00000000
    entry2.o(.ARM.Collect$$$$00002712) refers to startup_stm32f0xx.o(STACK) for __initial_sp
    entry2.o(__vectab_stack_and_reset_area) refers to startup_stm32f0xx.o(STACK) for __initial_sp
    entry2.o(__vectab_stack_and_reset_area) refers to entry.o(.ARM.Collect$$$$00000000) for __main
    entry5.o(.ARM.Collect$$$$00000004) refers to init.o(.text) for __scatterload
    entry9a.o(.ARM.Collect$$$$0000000B) refers to main.o(.text) for main
    entry9b.o(.ARM.Collect$$$$0000000C) refers to main.o(.text) for main
    fputc.o(i.fputc) refers (Special) to iusesemip.o(.text) for __I$use$semihosting$fputc
    fputc.o(i.fputc) refers (Special) to semi.o(.text) for __semihosting_library_function
    uldiv.o(.text) refers to llushr.o(.text) for __aeabi_llsr
    uldiv.o(.text) refers to llshl.o(.text) for __aeabi_llsl
    depilogue.o(.text) refers to depilogue.o(i.__ARM_clz) for __ARM_clz
    depilogue.o(.text) refers to llshl.o(.text) for __aeabi_llsl
    depilogue.o(.text) refers to llushr.o(.text) for __aeabi_llsr
    dadd.o(.text) refers to llshl.o(.text) for __aeabi_llsl
    dadd.o(.text) refers to llsshr.o(.text) for __aeabi_lasr
    dadd.o(.text) refers to depilogue.o(.text) for _double_epilogue
    dfixul.o(.text) refers to llushr.o(.text) for __aeabi_llsr
    dfixul.o(.text) refers to llshl.o(.text) for __aeabi_llsl
    init.o(.text) refers to entry5.o(.ARM.Collect$$$$00000004) for __main_after_scatterload


==============================================================================

Removing Unused input sections from the image.

    Removing startup_stm32f0xx.o(HEAP), (512 bytes).
    Removing system_stm32f0xx.o(.emb_text), (8 bytes).
    Removing stm32f0xx_adc.o(.emb_text), (8 bytes).
    Removing stm32f0xx_adc.o(.text), (744 bytes).
    Removing stm32f0xx_cec.o(.emb_text), (8 bytes).
    Removing stm32f0xx_cec.o(.text), (336 bytes).
    Removing stm32f0xx_comp.o(.emb_text), (8 bytes).
    Removing stm32f0xx_comp.o(.text), (232 bytes).
    Removing stm32f0xx_crc.o(.emb_text), (8 bytes).
    Removing stm32f0xx_crc.o(.text), (160 bytes).
    Removing stm32f0xx_dac.o(.emb_text), (8 bytes).
    Removing stm32f0xx_dbgmcu.o(.emb_text), (8 bytes).
    Removing stm32f0xx_dbgmcu.o(.text), (108 bytes).
    Removing stm32f0xx_dma.o(.emb_text), (8 bytes).
    Removing stm32f0xx_dma.o(.text), (368 bytes).
    Removing stm32f0xx_exti.o(.emb_text), (8 bytes).
    Removing stm32f0xx_flash.o(.emb_text), (8 bytes).
    Removing stm32f0xx_flash.o(.text), (1512 bytes).
    Removing stm32f0xx_gpio.o(.emb_text), (8 bytes).
    Removing stm32f0xx_i2c.o(.emb_text), (8 bytes).
    Removing stm32f0xx_i2c.o(.text), (1182 bytes).
    Removing stm32f0xx_iwdg.o(.emb_text), (8 bytes).
    Removing stm32f0xx_iwdg.o(.text), (76 bytes).
    Removing stm32f0xx_misc.o(.emb_text), (8 bytes).
    Removing stm32f0xx_pwr.o(.emb_text), (8 bytes).
    Removing stm32f0xx_pwr.o(.text), (316 bytes).
    Removing stm32f0xx_rcc.o(.emb_text), (8 bytes).
    Removing stm32f0xx_rtc.o(.emb_text), (8 bytes).
    Removing stm32f0xx_rtc.o(.text), (2956 bytes).
    Removing stm32f0xx_spi.o(.emb_text), (8 bytes).
    Removing stm32f0xx_spi.o(.text), (956 bytes).
    Removing stm32f0xx_syscfg.o(.emb_text), (8 bytes).
    Removing stm32f0xx_syscfg.o(.text), (240 bytes).
    Removing stm32f0xx_tim.o(.emb_text), (8 bytes).
    Removing stm32f0xx_usart.o(.emb_text), (8 bytes).
    Removing stm32f0xx_wwdg.o(.emb_text), (8 bytes).
    Removing stm32f0xx_wwdg.o(.text), (148 bytes).
    Removing main.o(.emb_text), (8 bytes).
    Removing stm32f0xx_it.o(.emb_text), (8 bytes).
    Removing stm32f0xx_it.o(.bss), (10 bytes).
    Removing bsp.o(.emb_text), (8 bytes).
    Removing bsp_usart.o(.emb_text), (8 bytes).
    Removing bsp_systick.o(.emb_text), (8 bytes).
    Removing bsp_exti.o(.emb_text), (8 bytes).
    Removing bsp_exti.o(.text), (96 bytes).
    Removing bsp_dac.o(.emb_text), (8 bytes).
    Removing bsp_led.o(.emb_text), (8 bytes).
    Removing bsp_timer.o(.emb_text), (8 bytes).
    Removing internalmodbus.o(.emb_text), (8 bytes).
    Removing infrareceive.o(.emb_text), (8 bytes).
    Removing 74hc595.o(.emb_text), (8 bytes).
    Removing dadd.o(.text), (356 bytes).
    Removing dfixul.o(.text), (64 bytes).
    Removing cdrcmple.o(.text), (40 bytes).

54 unused section(s) (total 10684 bytes) removed from the image.

==============================================================================

Image Symbol Table

    Local Symbols

    Symbol Name                              Value     Ov Type        Size  Object(Section)

    ../clib/microlib/division.c              0x00000000   Number         0  uidiv.o ABSOLUTE
    ../clib/microlib/division.c              0x00000000   Number         0  uldiv.o ABSOLUTE
    ../clib/microlib/init/entry.s            0x00000000   Number         0  entry10b.o ABSOLUTE
    ../clib/microlib/init/entry.s            0x00000000   Number         0  entry8b.o ABSOLUTE
    ../clib/microlib/init/entry.s            0x00000000   Number         0  entry9a.o ABSOLUTE
    ../clib/microlib/init/entry.s            0x00000000   Number         0  entry9b.o ABSOLUTE
    ../clib/microlib/init/entry.s            0x00000000   Number         0  entry7a.o ABSOLUTE
    ../clib/microlib/init/entry.s            0x00000000   Number         0  entry11b.o ABSOLUTE
    ../clib/microlib/init/entry.s            0x00000000   Number         0  entry11a.o ABSOLUTE
    ../clib/microlib/init/entry.s            0x00000000   Number         0  entry10a.o ABSOLUTE
    ../clib/microlib/init/entry.s            0x00000000   Number         0  entry7b.o ABSOLUTE
    ../clib/microlib/init/entry.s            0x00000000   Number         0  entry8a.o ABSOLUTE
    ../clib/microlib/init/entry.s            0x00000000   Number         0  entry.o ABSOLUTE
    ../clib/microlib/init/entry.s            0x00000000   Number         0  entry2.o ABSOLUTE
    ../clib/microlib/init/entry.s            0x00000000   Number         0  entry5.o ABSOLUTE
    ../clib/microlib/longlong.c              0x00000000   Number         0  llshl.o ABSOLUTE
    ../clib/microlib/longlong.c              0x00000000   Number         0  llushr.o ABSOLUTE
    ../clib/microlib/longlong.c              0x00000000   Number         0  llsshr.o ABSOLUTE
    ../clib/microlib/printf/printf.c         0x00000000   Number         0  printf5.o ABSOLUTE
    ../clib/microlib/printf/printf.c         0x00000000   Number         0  printfb.o ABSOLUTE
    ../clib/microlib/printf/printf.c         0x00000000   Number         0  printf0.o ABSOLUTE
    ../clib/microlib/printf/printf.c         0x00000000   Number         0  printf4.o ABSOLUTE
    ../clib/microlib/printf/printf.c         0x00000000   Number         0  printf2.o ABSOLUTE
    ../clib/microlib/printf/printf.c         0x00000000   Number         0  printf6.o ABSOLUTE
    ../clib/microlib/printf/printf.c         0x00000000   Number         0  printf1.o ABSOLUTE
    ../clib/microlib/printf/printf.c         0x00000000   Number         0  printf3.o ABSOLUTE
    ../clib/microlib/printf/printf.c         0x00000000   Number         0  printf7.o ABSOLUTE
    ../clib/microlib/printf/printf.c         0x00000000   Number         0  printfa.o ABSOLUTE
    ../clib/microlib/printf/printf.c         0x00000000   Number         0  printf8.o ABSOLUTE
    ../clib/microlib/printf/stubs.s          0x00000000   Number         0  stubs.o ABSOLUTE
    ../clib/microlib/stdio/fputc.c           0x00000000   Number         0  fputc.o ABSOLUTE
    ../clib/microlib/stdio/semi.s            0x00000000   Number         0  semi.o ABSOLUTE
    ../clib/microlib/stdio/streams.c         0x00000000   Number         0  stdout.o ABSOLUTE
    ../clib/microlib/stubs.s                 0x00000000   Number         0  iusefp.o ABSOLUTE
    ../clib/microlib/stubs.s                 0x00000000   Number         0  iusesemip.o ABSOLUTE
    ../fplib/microlib/d2f.c                  0x00000000   Number         0  d2f.o ABSOLUTE
    ../fplib/microlib/f2d.c                  0x00000000   Number         0  f2d.o ABSOLUTE
    ../fplib/microlib/fpadd.c                0x00000000   Number         0  dadd.o ABSOLUTE
    ../fplib/microlib/fpdiv.c                0x00000000   Number         0  ddiv.o ABSOLUTE
    ../fplib/microlib/fpepilogue.c           0x00000000   Number         0  fepilogue.o ABSOLUTE
    ../fplib/microlib/fpepilogue.c           0x00000000   Number         0  depilogue.o ABSOLUTE
    ../fplib/microlib/fpfix.c                0x00000000   Number         0  ffixui.o ABSOLUTE
    ../fplib/microlib/fpfix.c                0x00000000   Number         0  dfixul.o ABSOLUTE
    ../fplib/microlib/fpmul.c                0x00000000   Number         0  dmul.o ABSOLUTE
    ..\Libraries\CMSIS\Device\ST\STM32F0xx\Source\Templates\arm\startup_stm32f0xx.s 0x00000000   Number         0  startup_stm32f0xx.o ABSOLUTE
    ..\Libraries\CMSIS\Device\ST\STM32F0xx\Source\Templates\system_stm32f0xx.c 0x00000000   Number         0  system_stm32f0xx.o ABSOLUTE
    ..\Libraries\STM32F0xx_StdPeriph_Driver\src\stm32f0xx_adc.c 0x00000000   Number         0  stm32f0xx_adc.o ABSOLUTE
    ..\Libraries\STM32F0xx_StdPeriph_Driver\src\stm32f0xx_cec.c 0x00000000   Number         0  stm32f0xx_cec.o ABSOLUTE
    ..\Libraries\STM32F0xx_StdPeriph_Driver\src\stm32f0xx_comp.c 0x00000000   Number         0  stm32f0xx_comp.o ABSOLUTE
    ..\Libraries\STM32F0xx_StdPeriph_Driver\src\stm32f0xx_crc.c 0x00000000   Number         0  stm32f0xx_crc.o ABSOLUTE
    ..\Libraries\STM32F0xx_StdPeriph_Driver\src\stm32f0xx_dac.c 0x00000000   Number         0  stm32f0xx_dac.o ABSOLUTE
    ..\Libraries\STM32F0xx_StdPeriph_Driver\src\stm32f0xx_dbgmcu.c 0x00000000   Number         0  stm32f0xx_dbgmcu.o ABSOLUTE
    ..\Libraries\STM32F0xx_StdPeriph_Driver\src\stm32f0xx_dma.c 0x00000000   Number         0  stm32f0xx_dma.o ABSOLUTE
    ..\Libraries\STM32F0xx_StdPeriph_Driver\src\stm32f0xx_exti.c 0x00000000   Number         0  stm32f0xx_exti.o ABSOLUTE
    ..\Libraries\STM32F0xx_StdPeriph_Driver\src\stm32f0xx_flash.c 0x00000000   Number         0  stm32f0xx_flash.o ABSOLUTE
    ..\Libraries\STM32F0xx_StdPeriph_Driver\src\stm32f0xx_gpio.c 0x00000000   Number         0  stm32f0xx_gpio.o ABSOLUTE
    ..\Libraries\STM32F0xx_StdPeriph_Driver\src\stm32f0xx_i2c.c 0x00000000   Number         0  stm32f0xx_i2c.o ABSOLUTE
    ..\Libraries\STM32F0xx_StdPeriph_Driver\src\stm32f0xx_iwdg.c 0x00000000   Number         0  stm32f0xx_iwdg.o ABSOLUTE
    ..\Libraries\STM32F0xx_StdPeriph_Driver\src\stm32f0xx_misc.c 0x00000000   Number         0  stm32f0xx_misc.o ABSOLUTE
    ..\Libraries\STM32F0xx_StdPeriph_Driver\src\stm32f0xx_pwr.c 0x00000000   Number         0  stm32f0xx_pwr.o ABSOLUTE
    ..\Libraries\STM32F0xx_StdPeriph_Driver\src\stm32f0xx_rcc.c 0x00000000   Number         0  stm32f0xx_rcc.o ABSOLUTE
    ..\Libraries\STM32F0xx_StdPeriph_Driver\src\stm32f0xx_rtc.c 0x00000000   Number         0  stm32f0xx_rtc.o ABSOLUTE
    ..\Libraries\STM32F0xx_StdPeriph_Driver\src\stm32f0xx_spi.c 0x00000000   Number         0  stm32f0xx_spi.o ABSOLUTE
    ..\Libraries\STM32F0xx_StdPeriph_Driver\src\stm32f0xx_syscfg.c 0x00000000   Number         0  stm32f0xx_syscfg.o ABSOLUTE
    ..\Libraries\STM32F0xx_StdPeriph_Driver\src\stm32f0xx_tim.c 0x00000000   Number         0  stm32f0xx_tim.o ABSOLUTE
    ..\Libraries\STM32F0xx_StdPeriph_Driver\src\stm32f0xx_usart.c 0x00000000   Number         0  stm32f0xx_usart.o ABSOLUTE
    ..\Libraries\STM32F0xx_StdPeriph_Driver\src\stm32f0xx_wwdg.c 0x00000000   Number         0  stm32f0xx_wwdg.o ABSOLUTE
    ..\User\App\src\74hc595.c                0x00000000   Number         0  74hc595.o ABSOLUTE
    ..\User\App\src\ST_string.c              0x00000000   Number         0  st_string.o ABSOLUTE
    ..\User\App\src\infrareceive.c           0x00000000   Number         0  infrareceive.o ABSOLUTE
    ..\User\App\src\internalmodbus.c         0x00000000   Number         0  internalmodbus.o ABSOLUTE
    ..\User\Driver\src\bsp.c                 0x00000000   Number         0  bsp.o ABSOLUTE
    ..\User\Driver\src\bsp_dac.c             0x00000000   Number         0  bsp_dac.o ABSOLUTE
    ..\User\Driver\src\bsp_exti.c            0x00000000   Number         0  bsp_exti.o ABSOLUTE
    ..\User\Driver\src\bsp_led.c             0x00000000   Number         0  bsp_led.o ABSOLUTE
    ..\User\Driver\src\bsp_systick.c         0x00000000   Number         0  bsp_systick.o ABSOLUTE
    ..\User\Driver\src\bsp_timer.c           0x00000000   Number         0  bsp_timer.o ABSOLUTE
    ..\User\Driver\src\bsp_usart.c           0x00000000   Number         0  bsp_usart.o ABSOLUTE
    ..\User\main.c                           0x00000000   Number         0  main.o ABSOLUTE
    ..\User\stm32f0xx_it.c                   0x00000000   Number         0  stm32f0xx_it.o ABSOLUTE
    ..\\Libraries\\CMSIS\\Device\\ST\\STM32F0xx\\Source\\Templates\\system_stm32f0xx.c 0x00000000   Number         0  system_stm32f0xx.o ABSOLUTE
    ..\\Libraries\\STM32F0xx_StdPeriph_Driver\\src\\stm32f0xx_adc.c 0x00000000   Number         0  stm32f0xx_adc.o ABSOLUTE
    ..\\Libraries\\STM32F0xx_StdPeriph_Driver\\src\\stm32f0xx_cec.c 0x00000000   Number         0  stm32f0xx_cec.o ABSOLUTE
    ..\\Libraries\\STM32F0xx_StdPeriph_Driver\\src\\stm32f0xx_comp.c 0x00000000   Number         0  stm32f0xx_comp.o ABSOLUTE
    ..\\Libraries\\STM32F0xx_StdPeriph_Driver\\src\\stm32f0xx_crc.c 0x00000000   Number         0  stm32f0xx_crc.o ABSOLUTE
    ..\\Libraries\\STM32F0xx_StdPeriph_Driver\\src\\stm32f0xx_dac.c 0x00000000   Number         0  stm32f0xx_dac.o ABSOLUTE
    ..\\Libraries\\STM32F0xx_StdPeriph_Driver\\src\\stm32f0xx_dbgmcu.c 0x00000000   Number         0  stm32f0xx_dbgmcu.o ABSOLUTE
    ..\\Libraries\\STM32F0xx_StdPeriph_Driver\\src\\stm32f0xx_dma.c 0x00000000   Number         0  stm32f0xx_dma.o ABSOLUTE
    ..\\Libraries\\STM32F0xx_StdPeriph_Driver\\src\\stm32f0xx_exti.c 0x00000000   Number         0  stm32f0xx_exti.o ABSOLUTE
    ..\\Libraries\\STM32F0xx_StdPeriph_Driver\\src\\stm32f0xx_flash.c 0x00000000   Number         0  stm32f0xx_flash.o ABSOLUTE
    ..\\Libraries\\STM32F0xx_StdPeriph_Driver\\src\\stm32f0xx_gpio.c 0x00000000   Number         0  stm32f0xx_gpio.o ABSOLUTE
    ..\\Libraries\\STM32F0xx_StdPeriph_Driver\\src\\stm32f0xx_i2c.c 0x00000000   Number         0  stm32f0xx_i2c.o ABSOLUTE
    ..\\Libraries\\STM32F0xx_StdPeriph_Driver\\src\\stm32f0xx_iwdg.c 0x00000000   Number         0  stm32f0xx_iwdg.o ABSOLUTE
    ..\\Libraries\\STM32F0xx_StdPeriph_Driver\\src\\stm32f0xx_misc.c 0x00000000   Number         0  stm32f0xx_misc.o ABSOLUTE
    ..\\Libraries\\STM32F0xx_StdPeriph_Driver\\src\\stm32f0xx_pwr.c 0x00000000   Number         0  stm32f0xx_pwr.o ABSOLUTE
    ..\\Libraries\\STM32F0xx_StdPeriph_Driver\\src\\stm32f0xx_rcc.c 0x00000000   Number         0  stm32f0xx_rcc.o ABSOLUTE
    ..\\Libraries\\STM32F0xx_StdPeriph_Driver\\src\\stm32f0xx_rtc.c 0x00000000   Number         0  stm32f0xx_rtc.o ABSOLUTE
    ..\\Libraries\\STM32F0xx_StdPeriph_Driver\\src\\stm32f0xx_spi.c 0x00000000   Number         0  stm32f0xx_spi.o ABSOLUTE
    ..\\Libraries\\STM32F0xx_StdPeriph_Driver\\src\\stm32f0xx_syscfg.c 0x00000000   Number         0  stm32f0xx_syscfg.o ABSOLUTE
    ..\\Libraries\\STM32F0xx_StdPeriph_Driver\\src\\stm32f0xx_tim.c 0x00000000   Number         0  stm32f0xx_tim.o ABSOLUTE
    ..\\Libraries\\STM32F0xx_StdPeriph_Driver\\src\\stm32f0xx_usart.c 0x00000000   Number         0  stm32f0xx_usart.o ABSOLUTE
    ..\\Libraries\\STM32F0xx_StdPeriph_Driver\\src\\stm32f0xx_wwdg.c 0x00000000   Number         0  stm32f0xx_wwdg.o ABSOLUTE
    ..\\User\\App\\src\\74hc595.c            0x00000000   Number         0  74hc595.o ABSOLUTE
    ..\\User\\App\\src\\infrareceive.c       0x00000000   Number         0  infrareceive.o ABSOLUTE
    ..\\User\\App\\src\\internalmodbus.c     0x00000000   Number         0  internalmodbus.o ABSOLUTE
    ..\\User\\Driver\\src\\bsp.c             0x00000000   Number         0  bsp.o ABSOLUTE
    ..\\User\\Driver\\src\\bsp_dac.c         0x00000000   Number         0  bsp_dac.o ABSOLUTE
    ..\\User\\Driver\\src\\bsp_exti.c        0x00000000   Number         0  bsp_exti.o ABSOLUTE
    ..\\User\\Driver\\src\\bsp_led.c         0x00000000   Number         0  bsp_led.o ABSOLUTE
    ..\\User\\Driver\\src\\bsp_systick.c     0x00000000   Number         0  bsp_systick.o ABSOLUTE
    ..\\User\\Driver\\src\\bsp_timer.c       0x00000000   Number         0  bsp_timer.o ABSOLUTE
    ..\\User\\Driver\\src\\bsp_usart.c       0x00000000   Number         0  bsp_usart.o ABSOLUTE
    ..\\User\\main.c                         0x00000000   Number         0  main.o ABSOLUTE
    ..\\User\\stm32f0xx_it.c                 0x00000000   Number         0  stm32f0xx_it.o ABSOLUTE
    cdrcmple.s                               0x00000000   Number         0  cdrcmple.o ABSOLUTE
    dc.s                                     0x00000000   Number         0  dc.o ABSOLUTE
    handlers.s                               0x00000000   Number         0  handlers.o ABSOLUTE
    init.s                                   0x00000000   Number         0  init.o ABSOLUTE
    RESET                                    0x08000000   Section      192  startup_stm32f0xx.o(RESET)
    .ARM.Collect$$$$00000000                 0x080000c0   Section        0  entry.o(.ARM.Collect$$$$00000000)
    .ARM.Collect$$$$00000001                 0x080000c0   Section        4  entry2.o(.ARM.Collect$$$$00000001)
    .ARM.Collect$$$$00000004                 0x080000c4   Section        4  entry5.o(.ARM.Collect$$$$00000004)
    .ARM.Collect$$$$00000008                 0x080000c8   Section        0  entry7b.o(.ARM.Collect$$$$00000008)
    .ARM.Collect$$$$0000000A                 0x080000c8   Section        0  entry8b.o(.ARM.Collect$$$$0000000A)
    .ARM.Collect$$$$0000000B                 0x080000c8   Section        8  entry9a.o(.ARM.Collect$$$$0000000B)
    .ARM.Collect$$$$0000000D                 0x080000d0   Section        0  entry10a.o(.ARM.Collect$$$$0000000D)
    .ARM.Collect$$$$0000000F                 0x080000d0   Section        0  entry11a.o(.ARM.Collect$$$$0000000F)
    .ARM.Collect$$$$00002712                 0x080000d0   Section        4  entry2.o(.ARM.Collect$$$$00002712)
    __lit__00000000                          0x080000d0   Data           4  entry2.o(.ARM.Collect$$$$00002712)
    .text                                    0x080000d4   Section       28  startup_stm32f0xx.o(.text)
    .text                                    0x080000f0   Section        0  system_stm32f0xx.o(.text)
    SetSysClock                              0x080000f1   Thumb Code   206  system_stm32f0xx.o(.text)
    .text                                    0x080002e8   Section        0  stm32f0xx_dac.o(.text)
    .text                                    0x08000464   Section        0  stm32f0xx_exti.o(.text)
    .text                                    0x0800056c   Section        0  stm32f0xx_gpio.o(.text)
    .text                                    0x0800075c   Section        0  stm32f0xx_misc.o(.text)
    .text                                    0x08000810   Section        0  stm32f0xx_rcc.o(.text)
    .text                                    0x08000e08   Section        0  stm32f0xx_tim.o(.text)
    TI4_Config                               0x08001549   Thumb Code    66  stm32f0xx_tim.o(.text)
    TI3_Config                               0x0800159d   Thumb Code    66  stm32f0xx_tim.o(.text)
    TI2_Config                               0x080015f3   Thumb Code   118  stm32f0xx_tim.o(.text)
    TI1_Config                               0x08001679   Thumb Code    54  stm32f0xx_tim.o(.text)
    .text                                    0x080019d4   Section        0  stm32f0xx_usart.o(.text)
    .text                                    0x08001f20   Section        0  main.o(.text)
    .text                                    0x08001f84   Section        0  stm32f0xx_it.o(.text)
    .text                                    0x080020d8   Section        0  bsp.o(.text)
    Show_Info_Product                        0x080020d9   Thumb Code    22  bsp.o(.text)
    .text                                    0x08002164   Section        0  bsp_usart.o(.text)
    RS485_RecieveNew                         0x08002165   Thumb Code    12  bsp_usart.o(.text)
    UartVarInit                              0x08002171   Thumb Code    42  bsp_usart.o(.text)
    USART_Putchar                            0x08002269   Thumb Code    30  bsp_usart.o(.text)
    .text                                    0x08002324   Section        0  bsp_systick.o(.text)
    .text                                    0x080023c8   Section        0  bsp_dac.o(.text)
    .text                                    0x08002454   Section        0  bsp_led.o(.text)
    .text                                    0x0800254c   Section        0  bsp_timer.o(.text)
    TIM2_Config                              0x0800254d   Thumb Code    66  bsp_timer.o(.text)
    TIM2_NVIC_InitConfig                     0x0800258f   Thumb Code    22  bsp_timer.o(.text)
    .text                                    0x080025b4   Section        0  internalmodbus.o(.text)
    MODS_SendWithCRC                         0x080025e3   Thumb Code    62  internalmodbus.o(.text)
    MODS_SendAckErr                          0x08002621   Thumb Code    34  internalmodbus.o(.text)
    MODS_SendAckOk                           0x08002643   Thumb Code    32  internalmodbus.o(.text)
    MODS_DataClear                           0x0800268b   Thumb Code    36  internalmodbus.o(.text)
    Get_Parameter                            0x080026eb   Thumb Code    72  internalmodbus.o(.text)
    MODS_AnalyzeApp                          0x080027c3   Thumb Code    28  internalmodbus.o(.text)
    .text                                    0x08002800   Section        0  infrareceive.o(.text)
    Infra_RecvConfig                         0x08002801   Thumb Code    88  infrareceive.o(.text)
    TIM3_InitConfig                          0x08002859   Thumb Code    80  infrareceive.o(.text)
    .text                                    0x080029e8   Section        0  st_string.o(.text)
    .text                                    0x08002b0c   Section        0  74hc595.o(.text)
    .text                                    0x08002be4   Section        0  uidiv.o(.text)
    .text                                    0x08002c10   Section        0  dmul.o(.text)
    .text                                    0x08002ce0   Section        0  ddiv.o(.text)
    .text                                    0x08002dd0   Section        0  ffixui.o(.text)
    .text                                    0x08002df8   Section        0  f2d.o(.text)
    .text                                    0x08002e20   Section        0  d2f.o(.text)
    .text                                    0x08002e58   Section        0  iusefp.o(.text)
    .text                                    0x08002e58   Section        0  fepilogue.o(.text)
    .text                                    0x08002eda   Section        0  depilogue.o(.text)
    .text                                    0x08002f98   Section       36  init.o(.text)
    .text                                    0x08002fbc   Section        0  llshl.o(.text)
    .text                                    0x08002fbc   Section        0  semi.o(.text)
    .text                                    0x08002fdc   Section        0  llushr.o(.text)
    .text                                    0x08002ffe   Section        0  iusesemip.o(.text)
    i.__0printf$1                            0x08003000   Section        0  printf1.o(i.__0printf$1)
    i.__ARM_clz                              0x08003020   Section        0  depilogue.o(i.__ARM_clz)
    i.__ARM_common_switch8                   0x0800304e   Section        0  internalmodbus.o(i.__ARM_common_switch8)
    i.__scatterload_copy                     0x0800306a   Section       14  handlers.o(i.__scatterload_copy)
    i.__scatterload_null                     0x08003078   Section        2  handlers.o(i.__scatterload_null)
    i.__scatterload_zeroinit                 0x0800307a   Section       14  handlers.o(i.__scatterload_zeroinit)
    i._printf_core                           0x08003088   Section        0  printf1.o(i._printf_core)
    _printf_core                             0x08003089   Thumb Code   332  printf1.o(i._printf_core)
    i.fputc                                  0x080031d8   Section        0  fputc.o(i.fputc)
    .constdata                               0x080031ea   Section      512  internalmodbus.o(.constdata)
    s_CRCHi                                  0x080031ea   Data         256  internalmodbus.o(.constdata)
    .data                                    0x20000000   Section       20  system_stm32f0xx.o(.data)
    .data                                    0x20000014   Section       16  stm32f0xx_rcc.o(.data)
    APBAHBPrescTable                         0x20000014   Data          16  stm32f0xx_rcc.o(.data)
    .data                                    0x20000024   Section        8  main.o(.data)
    .data                                    0x2000002c   Section        4  stm32f0xx_it.o(.data)
    tim2_tick_count                          0x2000002e   Data           2  stm32f0xx_it.o(.data)
    .data                                    0x20000030   Section        4  bsp_systick.o(.data)
    fac_us                                   0x20000030   Data           2  bsp_systick.o(.data)
    fac_ms                                   0x20000032   Data           2  bsp_systick.o(.data)
    .data                                    0x20000034   Section        3  infrareceive.o(.data)
    .data                                    0x20000037   Section        1  74hc595.o(.data)
    .data                                    0x20000038   Section        4  stdout.o(.data)
    .bss                                     0x2000003c   Section      552  bsp_usart.o(.bss)
    g_TxBuf1                                 0x20000064   Data         256  bsp_usart.o(.bss)
    g_RxBuf1                                 0x20000164   Data         256  bsp_usart.o(.bss)
    .bss                                     0x20000264   Section      515  internalmodbus.o(.bss)
    STACK                                    0x20000468   Section     1024  startup_stm32f0xx.o(STACK)

    Global Symbols

    Symbol Name                              Value     Ov Type        Size  Object(Section)

    BuildAttributes$$THM_ISAv3M$S$PE$A:L22$X:L11$S22$IEEE1$IW$USESV6$~STKCKD$USESV7$~SHL$OTIME$ROPI$EBA8$MICROLIB$REQ8$PRES8$EABIv2 0x00000000   Number         0  anon$$obj.o ABSOLUTE
    __ARM_use_no_argv                        0x00000000   Number         0  main.o ABSOLUTE
    _printf_a                                0x00000000   Number         0  stubs.o ABSOLUTE
    _printf_c                                0x00000000   Number         0  stubs.o ABSOLUTE
    _printf_charcount                        0x00000000   Number         0  stubs.o ABSOLUTE
    _printf_d                                0x00000000   Number         0  stubs.o ABSOLUTE
    _printf_e                                0x00000000   Number         0  stubs.o ABSOLUTE
    _printf_f                                0x00000000   Number         0  stubs.o ABSOLUTE
    _printf_flags                            0x00000000   Number         0  stubs.o ABSOLUTE
    _printf_fp_dec                           0x00000000   Number         0  stubs.o ABSOLUTE
    _printf_fp_hex                           0x00000000   Number         0  stubs.o ABSOLUTE
    _printf_g                                0x00000000   Number         0  stubs.o ABSOLUTE
    _printf_i                                0x00000000   Number         0  stubs.o ABSOLUTE
    _printf_int_dec                          0x00000000   Number         0  stubs.o ABSOLUTE
    _printf_l                                0x00000000   Number         0  stubs.o ABSOLUTE
    _printf_lc                               0x00000000   Number         0  stubs.o ABSOLUTE
    _printf_ll                               0x00000000   Number         0  stubs.o ABSOLUTE
    _printf_lld                              0x00000000   Number         0  stubs.o ABSOLUTE
    _printf_lli                              0x00000000   Number         0  stubs.o ABSOLUTE
    _printf_llo                              0x00000000   Number         0  stubs.o ABSOLUTE
    _printf_llu                              0x00000000   Number         0  stubs.o ABSOLUTE
    _printf_llx                              0x00000000   Number         0  stubs.o ABSOLUTE
    _printf_longlong_dec                     0x00000000   Number         0  stubs.o ABSOLUTE
    _printf_longlong_hex                     0x00000000   Number         0  stubs.o ABSOLUTE
    _printf_longlong_oct                     0x00000000   Number         0  stubs.o ABSOLUTE
    _printf_ls                               0x00000000   Number         0  stubs.o ABSOLUTE
    _printf_mbtowc                           0x00000000   Number         0  stubs.o ABSOLUTE
    _printf_n                                0x00000000   Number         0  stubs.o ABSOLUTE
    _printf_o                                0x00000000   Number         0  stubs.o ABSOLUTE
    _printf_p                                0x00000000   Number         0  stubs.o ABSOLUTE
    _printf_percent                          0x00000000   Number         0  stubs.o ABSOLUTE
    _printf_pre_padding                      0x00000000   Number         0  stubs.o ABSOLUTE
    _printf_return_value                     0x00000000   Number         0  stubs.o ABSOLUTE
    _printf_s                                0x00000000   Number         0  stubs.o ABSOLUTE
    _printf_sizespec                         0x00000000   Number         0  stubs.o ABSOLUTE
    _printf_str                              0x00000000   Number         0  stubs.o ABSOLUTE
    _printf_truncate_signed                  0x00000000   Number         0  stubs.o ABSOLUTE
    _printf_truncate_unsigned                0x00000000   Number         0  stubs.o ABSOLUTE
    _printf_u                                0x00000000   Number         0  stubs.o ABSOLUTE
    _printf_wc                               0x00000000   Number         0  stubs.o ABSOLUTE
    _printf_wctomb                           0x00000000   Number         0  stubs.o ABSOLUTE
    _printf_widthprec                        0x00000000   Number         0  stubs.o ABSOLUTE
    _printf_x                                0x00000000   Number         0  stubs.o ABSOLUTE
    __cpp_initialize__aeabi_                  - Undefined Weak Reference
    __cxa_finalize                            - Undefined Weak Reference
    __decompress                              - Undefined Weak Reference
    _clock_init                               - Undefined Weak Reference
    _microlib_exit                            - Undefined Weak Reference
    __Vectors_Size                           0x000000c0   Number         0  startup_stm32f0xx.o ABSOLUTE
    __Vectors                                0x08000000   Data           4  startup_stm32f0xx.o(RESET)
    __Vectors_End                            0x080000c0   Data           0  startup_stm32f0xx.o(RESET)
    __main                                   0x080000c1   Thumb Code     0  entry.o(.ARM.Collect$$$$00000000)
    _main_stk                                0x080000c1   Thumb Code     0  entry2.o(.ARM.Collect$$$$00000001)
    _main_scatterload                        0x080000c5   Thumb Code     0  entry5.o(.ARM.Collect$$$$00000004)
    __main_after_scatterload                 0x080000c9   Thumb Code     0  entry5.o(.ARM.Collect$$$$00000004)
    _main_clock                              0x080000c9   Thumb Code     0  entry7b.o(.ARM.Collect$$$$00000008)
    _main_cpp_init                           0x080000c9   Thumb Code     0  entry8b.o(.ARM.Collect$$$$0000000A)
    _main_init                               0x080000c9   Thumb Code     0  entry9a.o(.ARM.Collect$$$$0000000B)
    __rt_final_cpp                           0x080000d1   Thumb Code     0  entry10a.o(.ARM.Collect$$$$0000000D)
    __rt_final_exit                          0x080000d1   Thumb Code     0  entry11a.o(.ARM.Collect$$$$0000000F)
    Reset_Handler                            0x080000d5   Thumb Code     8  startup_stm32f0xx.o(.text)
    ADC1_COMP_IRQHandler                     0x080000e7   Thumb Code     0  startup_stm32f0xx.o(.text)
    CEC_IRQHandler                           0x080000e7   Thumb Code     0  startup_stm32f0xx.o(.text)
    DMA1_Channel1_IRQHandler                 0x080000e7   Thumb Code     0  startup_stm32f0xx.o(.text)
    DMA1_Channel2_3_IRQHandler               0x080000e7   Thumb Code     0  startup_stm32f0xx.o(.text)
    DMA1_Channel4_5_IRQHandler               0x080000e7   Thumb Code     0  startup_stm32f0xx.o(.text)
    EXTI2_3_IRQHandler                       0x080000e7   Thumb Code     0  startup_stm32f0xx.o(.text)
    EXTI4_15_IRQHandler                      0x080000e7   Thumb Code     0  startup_stm32f0xx.o(.text)
    FLASH_IRQHandler                         0x080000e7   Thumb Code     0  startup_stm32f0xx.o(.text)
    I2C1_IRQHandler                          0x080000e7   Thumb Code     0  startup_stm32f0xx.o(.text)
    I2C2_IRQHandler                          0x080000e7   Thumb Code     0  startup_stm32f0xx.o(.text)
    PVD_IRQHandler                           0x080000e7   Thumb Code     0  startup_stm32f0xx.o(.text)
    RCC_IRQHandler                           0x080000e7   Thumb Code     0  startup_stm32f0xx.o(.text)
    RTC_IRQHandler                           0x080000e7   Thumb Code     0  startup_stm32f0xx.o(.text)
    SPI1_IRQHandler                          0x080000e7   Thumb Code     0  startup_stm32f0xx.o(.text)
    SPI2_IRQHandler                          0x080000e7   Thumb Code     0  startup_stm32f0xx.o(.text)
    TIM14_IRQHandler                         0x080000e7   Thumb Code     0  startup_stm32f0xx.o(.text)
    TIM15_IRQHandler                         0x080000e7   Thumb Code     0  startup_stm32f0xx.o(.text)
    TIM16_IRQHandler                         0x080000e7   Thumb Code     0  startup_stm32f0xx.o(.text)
    TIM17_IRQHandler                         0x080000e7   Thumb Code     0  startup_stm32f0xx.o(.text)
    TIM1_BRK_UP_TRG_COM_IRQHandler           0x080000e7   Thumb Code     0  startup_stm32f0xx.o(.text)
    TIM1_CC_IRQHandler                       0x080000e7   Thumb Code     0  startup_stm32f0xx.o(.text)
    TIM6_DAC_IRQHandler                      0x080000e7   Thumb Code     0  startup_stm32f0xx.o(.text)
    TS_IRQHandler                            0x080000e7   Thumb Code     0  startup_stm32f0xx.o(.text)
    USART2_IRQHandler                        0x080000e7   Thumb Code     0  startup_stm32f0xx.o(.text)
    WWDG_IRQHandler                          0x080000e7   Thumb Code     0  startup_stm32f0xx.o(.text)
    SystemInit                               0x080001bf   Thumb Code   110  system_stm32f0xx.o(.text)
    SystemCoreClockUpdate                    0x0800022d   Thumb Code   154  system_stm32f0xx.o(.text)
    DAC_DeInit                               0x080002e9   Thumb Code    22  stm32f0xx_dac.o(.text)
    DAC_Init                                 0x080002ff   Thumb Code    40  stm32f0xx_dac.o(.text)
    DAC_StructInit                           0x08000327   Thumb Code     8  stm32f0xx_dac.o(.text)
    DAC_Cmd                                  0x0800032f   Thumb Code    36  stm32f0xx_dac.o(.text)
    DAC_SoftwareTriggerCmd                   0x08000353   Thumb Code    42  stm32f0xx_dac.o(.text)
    DAC_SetChannel1Data                      0x0800037d   Thumb Code    26  stm32f0xx_dac.o(.text)
    DAC_GetDataOutputValue                   0x08000397   Thumb Code    30  stm32f0xx_dac.o(.text)
    DAC_DMACmd                               0x080003b5   Thumb Code    40  stm32f0xx_dac.o(.text)
    DAC_ITConfig                             0x080003dd   Thumb Code    38  stm32f0xx_dac.o(.text)
    DAC_GetFlagStatus                        0x08000403   Thumb Code    28  stm32f0xx_dac.o(.text)
    DAC_ClearFlag                            0x0800041f   Thumb Code    10  stm32f0xx_dac.o(.text)
    DAC_GetITStatus                          0x08000429   Thumb Code    46  stm32f0xx_dac.o(.text)
    DAC_ClearITPendingBit                    0x08000457   Thumb Code    10  stm32f0xx_dac.o(.text)
    EXTI_DeInit                              0x08000465   Thumb Code    20  stm32f0xx_exti.o(.text)
    EXTI_Init                                0x08000479   Thumb Code   132  stm32f0xx_exti.o(.text)
    EXTI_StructInit                          0x080004fd   Thumb Code    16  stm32f0xx_exti.o(.text)
    EXTI_GenerateSWInterrupt                 0x0800050d   Thumb Code    12  stm32f0xx_exti.o(.text)
    EXTI_GetFlagStatus                       0x08000519   Thumb Code    22  stm32f0xx_exti.o(.text)
    EXTI_ClearFlag                           0x0800052f   Thumb Code     6  stm32f0xx_exti.o(.text)
    EXTI_GetITStatus                         0x08000535   Thumb Code    36  stm32f0xx_exti.o(.text)
    EXTI_ClearITPendingBit                   0x08000559   Thumb Code     6  stm32f0xx_exti.o(.text)
    GPIO_DeInit                              0x0800056d   Thumb Code   132  stm32f0xx_gpio.o(.text)
    GPIO_Init                                0x080005f1   Thumb Code   144  stm32f0xx_gpio.o(.text)
    GPIO_StructInit                          0x08000681   Thumb Code    20  stm32f0xx_gpio.o(.text)
    GPIO_PinLockConfig                       0x08000695   Thumb Code    34  stm32f0xx_gpio.o(.text)
    GPIO_ReadInputDataBit                    0x080006b7   Thumb Code    20  stm32f0xx_gpio.o(.text)
    GPIO_ReadInputData                       0x080006cb   Thumb Code     6  stm32f0xx_gpio.o(.text)
    GPIO_ReadOutputDataBit                   0x080006d1   Thumb Code    20  stm32f0xx_gpio.o(.text)
    GPIO_ReadOutputData                      0x080006e5   Thumb Code     6  stm32f0xx_gpio.o(.text)
    GPIO_SetBits                             0x080006eb   Thumb Code     4  stm32f0xx_gpio.o(.text)
    GPIO_ResetBits                           0x080006ef   Thumb Code     4  stm32f0xx_gpio.o(.text)
    GPIO_WriteBit                            0x080006f3   Thumb Code    12  stm32f0xx_gpio.o(.text)
    GPIO_Write                               0x080006ff   Thumb Code     4  stm32f0xx_gpio.o(.text)
    GPIO_PinAFConfig                         0x08000703   Thumb Code    68  stm32f0xx_gpio.o(.text)
    NVIC_Init                                0x0800075d   Thumb Code   106  stm32f0xx_misc.o(.text)
    NVIC_SystemLPConfig                      0x080007c7   Thumb Code    28  stm32f0xx_misc.o(.text)
    SysTick_CLKSourceConfig                  0x080007e3   Thumb Code    32  stm32f0xx_misc.o(.text)
    RCC_DeInit                               0x08000811   Thumb Code   104  stm32f0xx_rcc.o(.text)
    RCC_HSEConfig                            0x08000879   Thumb Code    12  stm32f0xx_rcc.o(.text)
    RCC_GetFlagStatus                        0x08000885   Thumb Code    68  stm32f0xx_rcc.o(.text)
    RCC_WaitForHSEStartUp                    0x080008c9   Thumb Code    60  stm32f0xx_rcc.o(.text)
    RCC_AdjustHSICalibrationValue            0x08000905   Thumb Code    26  stm32f0xx_rcc.o(.text)
    RCC_HSICmd                               0x0800091f   Thumb Code    32  stm32f0xx_rcc.o(.text)
    RCC_AdjustHSI14CalibrationValue          0x0800093f   Thumb Code    26  stm32f0xx_rcc.o(.text)
    RCC_HSI14Cmd                             0x08000959   Thumb Code    32  stm32f0xx_rcc.o(.text)
    RCC_HSI14ADCRequestCmd                   0x08000979   Thumb Code    32  stm32f0xx_rcc.o(.text)
    RCC_LSEConfig                            0x08000999   Thumb Code    34  stm32f0xx_rcc.o(.text)
    RCC_LSEDriveConfig                       0x080009bb   Thumb Code    22  stm32f0xx_rcc.o(.text)
    RCC_LSICmd                               0x080009d1   Thumb Code    32  stm32f0xx_rcc.o(.text)
    RCC_PLLConfig                            0x080009f1   Thumb Code    30  stm32f0xx_rcc.o(.text)
    RCC_PLLCmd                               0x08000a0f   Thumb Code    36  stm32f0xx_rcc.o(.text)
    RCC_PREDIV1Config                        0x08000a33   Thumb Code    24  stm32f0xx_rcc.o(.text)
    RCC_ClockSecuritySystemCmd               0x08000a4b   Thumb Code    36  stm32f0xx_rcc.o(.text)
    RCC_MCOConfig                            0x08000a6f   Thumb Code     6  stm32f0xx_rcc.o(.text)
    RCC_SYSCLKConfig                         0x08000a75   Thumb Code    24  stm32f0xx_rcc.o(.text)
    RCC_GetSYSCLKSource                      0x08000a8d   Thumb Code    10  stm32f0xx_rcc.o(.text)
    RCC_HCLKConfig                           0x08000a97   Thumb Code    28  stm32f0xx_rcc.o(.text)
    RCC_PCLKConfig                           0x08000ab3   Thumb Code    30  stm32f0xx_rcc.o(.text)
    RCC_ADCCLKConfig                         0x08000ad1   Thumb Code    52  stm32f0xx_rcc.o(.text)
    RCC_CECCLKConfig                         0x08000b05   Thumb Code    22  stm32f0xx_rcc.o(.text)
    RCC_I2CCLKConfig                         0x08000b1b   Thumb Code    22  stm32f0xx_rcc.o(.text)
    RCC_USARTCLKConfig                       0x08000b31   Thumb Code    22  stm32f0xx_rcc.o(.text)
    RCC_GetClocksFreq                        0x08000b47   Thumb Code   368  stm32f0xx_rcc.o(.text)
    RCC_RTCCLKConfig                         0x08000cb7   Thumb Code    12  stm32f0xx_rcc.o(.text)
    RCC_RTCCLKCmd                            0x08000cc3   Thumb Code    36  stm32f0xx_rcc.o(.text)
    RCC_BackupResetCmd                       0x08000ce7   Thumb Code    36  stm32f0xx_rcc.o(.text)
    RCC_AHBPeriphClockCmd                    0x08000d0b   Thumb Code    28  stm32f0xx_rcc.o(.text)
    RCC_APB2PeriphClockCmd                   0x08000d27   Thumb Code    28  stm32f0xx_rcc.o(.text)
    RCC_APB1PeriphClockCmd                   0x08000d43   Thumb Code    28  stm32f0xx_rcc.o(.text)
    RCC_AHBPeriphResetCmd                    0x08000d5f   Thumb Code    28  stm32f0xx_rcc.o(.text)
    RCC_APB2PeriphResetCmd                   0x08000d7b   Thumb Code    28  stm32f0xx_rcc.o(.text)
    RCC_APB1PeriphResetCmd                   0x08000d97   Thumb Code    28  stm32f0xx_rcc.o(.text)
    RCC_ITConfig                             0x08000db3   Thumb Code    28  stm32f0xx_rcc.o(.text)
    RCC_ClearFlag                            0x08000dcf   Thumb Code    16  stm32f0xx_rcc.o(.text)
    RCC_GetITStatus                          0x08000ddf   Thumb Code    22  stm32f0xx_rcc.o(.text)
    RCC_ClearITPendingBit                    0x08000df5   Thumb Code     6  stm32f0xx_rcc.o(.text)
    TIM_DeInit                               0x08000e09   Thumb Code   204  stm32f0xx_tim.o(.text)
    TIM_TimeBaseInit                         0x08000ed5   Thumb Code    90  stm32f0xx_tim.o(.text)
    TIM_TimeBaseStructInit                   0x08000f2f   Thumb Code    18  stm32f0xx_tim.o(.text)
    TIM_PrescalerConfig                      0x08000f41   Thumb Code     6  stm32f0xx_tim.o(.text)
    TIM_CounterModeConfig                    0x08000f47   Thumb Code    20  stm32f0xx_tim.o(.text)
    TIM_SetCounter                           0x08000f5b   Thumb Code     4  stm32f0xx_tim.o(.text)
    TIM_SetAutoreload                        0x08000f5f   Thumb Code     4  stm32f0xx_tim.o(.text)
    TIM_GetCounter                           0x08000f63   Thumb Code     6  stm32f0xx_tim.o(.text)
    TIM_GetPrescaler                         0x08000f69   Thumb Code     6  stm32f0xx_tim.o(.text)
    TIM_UpdateDisableConfig                  0x08000f6f   Thumb Code    26  stm32f0xx_tim.o(.text)
    TIM_UpdateRequestConfig                  0x08000f89   Thumb Code    26  stm32f0xx_tim.o(.text)
    TIM_ARRPreloadConfig                     0x08000fa3   Thumb Code    26  stm32f0xx_tim.o(.text)
    TIM_SelectOnePulseMode                   0x08000fbd   Thumb Code    18  stm32f0xx_tim.o(.text)
    TIM_SetClockDivision                     0x08000fcf   Thumb Code    16  stm32f0xx_tim.o(.text)
    TIM_Cmd                                  0x08000fdf   Thumb Code    26  stm32f0xx_tim.o(.text)
    TIM_BDTRConfig                           0x08000ff9   Thumb Code    32  stm32f0xx_tim.o(.text)
    TIM_BDTRStructInit                       0x08001019   Thumb Code    18  stm32f0xx_tim.o(.text)
    TIM_CtrlPWMOutputs                       0x0800102b   Thumb Code    34  stm32f0xx_tim.o(.text)
    TIM_OC1Init                              0x0800104d   Thumb Code   122  stm32f0xx_tim.o(.text)
    TIM_OC2Init                              0x080010c7   Thumb Code   132  stm32f0xx_tim.o(.text)
    TIM_OC3Init                              0x0800114b   Thumb Code   124  stm32f0xx_tim.o(.text)
    TIM_OC4Init                              0x080011c7   Thumb Code   150  stm32f0xx_tim.o(.text)
    TIM_OCStructInit                         0x0800125d   Thumb Code    20  stm32f0xx_tim.o(.text)
    TIM_SelectOCxM                           0x08001271   Thumb Code    82  stm32f0xx_tim.o(.text)
    TIM_SetCompare1                          0x080012c3   Thumb Code     4  stm32f0xx_tim.o(.text)
    TIM_SetCompare2                          0x080012c7   Thumb Code     4  stm32f0xx_tim.o(.text)
    TIM_SetCompare3                          0x080012cb   Thumb Code     4  stm32f0xx_tim.o(.text)
    TIM_SetCompare4                          0x080012cf   Thumb Code     4  stm32f0xx_tim.o(.text)
    TIM_ForcedOC1Config                      0x080012d3   Thumb Code    20  stm32f0xx_tim.o(.text)
    TIM_ForcedOC2Config                      0x080012e7   Thumb Code    20  stm32f0xx_tim.o(.text)
    TIM_ForcedOC3Config                      0x080012fb   Thumb Code    20  stm32f0xx_tim.o(.text)
    TIM_ForcedOC4Config                      0x0800130f   Thumb Code    20  stm32f0xx_tim.o(.text)
    TIM_CCPreloadControl                     0x08001323   Thumb Code    26  stm32f0xx_tim.o(.text)
    TIM_OC1PreloadConfig                     0x0800133d   Thumb Code    22  stm32f0xx_tim.o(.text)
    TIM_OC2PreloadConfig                     0x08001353   Thumb Code    20  stm32f0xx_tim.o(.text)
    TIM_OC3PreloadConfig                     0x08001367   Thumb Code    22  stm32f0xx_tim.o(.text)
    TIM_OC4PreloadConfig                     0x0800137d   Thumb Code    20  stm32f0xx_tim.o(.text)
    TIM_OC1FastConfig                        0x08001391   Thumb Code    22  stm32f0xx_tim.o(.text)
    TIM_OC2FastConfig                        0x080013a7   Thumb Code    20  stm32f0xx_tim.o(.text)
    TIM_OC3FastConfig                        0x080013bb   Thumb Code    22  stm32f0xx_tim.o(.text)
    TIM_OC4FastConfig                        0x080013d1   Thumb Code    20  stm32f0xx_tim.o(.text)
    TIM_ClearOC1Ref                          0x080013e5   Thumb Code    22  stm32f0xx_tim.o(.text)
    TIM_ClearOC2Ref                          0x080013fb   Thumb Code    20  stm32f0xx_tim.o(.text)
    TIM_ClearOC3Ref                          0x0800140f   Thumb Code    22  stm32f0xx_tim.o(.text)
    TIM_ClearOC4Ref                          0x08001425   Thumb Code    20  stm32f0xx_tim.o(.text)
    TIM_OC1PolarityConfig                    0x08001439   Thumb Code    22  stm32f0xx_tim.o(.text)
    TIM_OC1NPolarityConfig                   0x0800144f   Thumb Code    22  stm32f0xx_tim.o(.text)
    TIM_OC2PolarityConfig                    0x08001465   Thumb Code    22  stm32f0xx_tim.o(.text)
    TIM_OC2NPolarityConfig                   0x0800147b   Thumb Code    22  stm32f0xx_tim.o(.text)
    TIM_OC3PolarityConfig                    0x08001491   Thumb Code    20  stm32f0xx_tim.o(.text)
    TIM_OC3NPolarityConfig                   0x080014a5   Thumb Code    20  stm32f0xx_tim.o(.text)
    TIM_OC4PolarityConfig                    0x080014b9   Thumb Code    20  stm32f0xx_tim.o(.text)
    TIM_SelectOCREFClear                     0x080014cd   Thumb Code    18  stm32f0xx_tim.o(.text)
    TIM_CCxCmd                               0x080014df   Thumb Code    30  stm32f0xx_tim.o(.text)
    TIM_CCxNCmd                              0x080014fd   Thumb Code    30  stm32f0xx_tim.o(.text)
    TIM_SelectCOM                            0x0800151b   Thumb Code    26  stm32f0xx_tim.o(.text)
    TIM_SetIC4Prescaler                      0x08001535   Thumb Code    20  stm32f0xx_tim.o(.text)
    TIM_SetIC3Prescaler                      0x0800158b   Thumb Code    18  stm32f0xx_tim.o(.text)
    TIM_SetIC2Prescaler                      0x080015df   Thumb Code    20  stm32f0xx_tim.o(.text)
    TIM_SetIC1Prescaler                      0x08001669   Thumb Code    16  stm32f0xx_tim.o(.text)
    TIM_ICInit                               0x080016af   Thumb Code   112  stm32f0xx_tim.o(.text)
    TIM_ICStructInit                         0x0800171f   Thumb Code    18  stm32f0xx_tim.o(.text)
    TIM_PWMIConfig                           0x08001731   Thumb Code   124  stm32f0xx_tim.o(.text)
    TIM_GetCapture1                          0x080017ad   Thumb Code     6  stm32f0xx_tim.o(.text)
    TIM_GetCapture2                          0x080017b3   Thumb Code     6  stm32f0xx_tim.o(.text)
    TIM_GetCapture3                          0x080017b9   Thumb Code     6  stm32f0xx_tim.o(.text)
    TIM_GetCapture4                          0x080017bf   Thumb Code     6  stm32f0xx_tim.o(.text)
    TIM_ITConfig                             0x080017c5   Thumb Code    20  stm32f0xx_tim.o(.text)
    TIM_GenerateEvent                        0x080017d9   Thumb Code     4  stm32f0xx_tim.o(.text)
    TIM_GetFlagStatus                        0x080017dd   Thumb Code    20  stm32f0xx_tim.o(.text)
    TIM_ClearFlag                            0x080017f1   Thumb Code     6  stm32f0xx_tim.o(.text)
    TIM_GetITStatus                          0x080017f7   Thumb Code    38  stm32f0xx_tim.o(.text)
    TIM_ClearITPendingBit                    0x0800181d   Thumb Code     6  stm32f0xx_tim.o(.text)
    TIM_DMAConfig                            0x08001823   Thumb Code    12  stm32f0xx_tim.o(.text)
    TIM_DMACmd                               0x0800182f   Thumb Code    20  stm32f0xx_tim.o(.text)
    TIM_SelectCCDMA                          0x08001843   Thumb Code    26  stm32f0xx_tim.o(.text)
    TIM_InternalClockConfig                  0x0800185d   Thumb Code    12  stm32f0xx_tim.o(.text)
    TIM_SelectInputTrigger                   0x08001869   Thumb Code    22  stm32f0xx_tim.o(.text)
    TIM_ITRxExternalClockConfig              0x0800187f   Thumb Code    24  stm32f0xx_tim.o(.text)
    TIM_TIxExternalClockConfig               0x08001897   Thumb Code    58  stm32f0xx_tim.o(.text)
    TIM_ETRConfig                            0x080018d1   Thumb Code    24  stm32f0xx_tim.o(.text)
    TIM_ETRClockMode1Config                  0x080018e9   Thumb Code    48  stm32f0xx_tim.o(.text)
    TIM_ETRClockMode2Config                  0x08001919   Thumb Code    34  stm32f0xx_tim.o(.text)
    TIM_SelectOutputTrigger                  0x0800193b   Thumb Code    18  stm32f0xx_tim.o(.text)
    TIM_SelectSlaveMode                      0x0800194d   Thumb Code    18  stm32f0xx_tim.o(.text)
    TIM_SelectMasterSlaveMode                0x0800195f   Thumb Code    18  stm32f0xx_tim.o(.text)
    TIM_EncoderInterfaceConfig               0x08001971   Thumb Code    60  stm32f0xx_tim.o(.text)
    TIM_SelectHallSensor                     0x080019ad   Thumb Code    26  stm32f0xx_tim.o(.text)
    TIM_RemapConfig                          0x080019c7   Thumb Code     6  stm32f0xx_tim.o(.text)
    USART_DeInit                             0x080019d5   Thumb Code    56  stm32f0xx_usart.o(.text)
    USART_Init                               0x08001a0d   Thumb Code   202  stm32f0xx_usart.o(.text)
    USART_StructInit                         0x08001ad7   Thumb Code    24  stm32f0xx_usart.o(.text)
    USART_ClockInit                          0x08001aef   Thumb Code    36  stm32f0xx_usart.o(.text)
    USART_ClockStructInit                    0x08001b13   Thumb Code    12  stm32f0xx_usart.o(.text)
    USART_Cmd                                0x08001b1f   Thumb Code    24  stm32f0xx_usart.o(.text)
    USART_DirectionModeCmd                   0x08001b37   Thumb Code    20  stm32f0xx_usart.o(.text)
    USART_OverSampling8Cmd                   0x08001b4b   Thumb Code    28  stm32f0xx_usart.o(.text)
    USART_OneBitMethodCmd                    0x08001b67   Thumb Code    28  stm32f0xx_usart.o(.text)
    USART_MSBFirstCmd                        0x08001b83   Thumb Code    28  stm32f0xx_usart.o(.text)
    USART_DataInvCmd                         0x08001b9f   Thumb Code    28  stm32f0xx_usart.o(.text)
    USART_InvPinCmd                          0x08001bbb   Thumb Code    20  stm32f0xx_usart.o(.text)
    USART_SWAPPinCmd                         0x08001bcf   Thumb Code    28  stm32f0xx_usart.o(.text)
    USART_ReceiverTimeOutCmd                 0x08001beb   Thumb Code    28  stm32f0xx_usart.o(.text)
    USART_SetReceiverTimeOut                 0x08001c07   Thumb Code    16  stm32f0xx_usart.o(.text)
    USART_SetPrescaler                       0x08001c17   Thumb Code    18  stm32f0xx_usart.o(.text)
    USART_STOPModeCmd                        0x08001c29   Thumb Code    24  stm32f0xx_usart.o(.text)
    USART_StopModeWakeUpSourceConfig         0x08001c41   Thumb Code    18  stm32f0xx_usart.o(.text)
    USART_AutoBaudRateCmd                    0x08001c53   Thumb Code    28  stm32f0xx_usart.o(.text)
    USART_AutoBaudRateConfig                 0x08001c6f   Thumb Code    18  stm32f0xx_usart.o(.text)
    USART_SendData                           0x08001c81   Thumb Code     8  stm32f0xx_usart.o(.text)
    USART_ReceiveData                        0x08001c89   Thumb Code    10  stm32f0xx_usart.o(.text)
    USART_SetAddress                         0x08001c93   Thumb Code    18  stm32f0xx_usart.o(.text)
    USART_MuteModeCmd                        0x08001ca5   Thumb Code    28  stm32f0xx_usart.o(.text)
    USART_MuteModeWakeUpConfig               0x08001cc1   Thumb Code    18  stm32f0xx_usart.o(.text)
    USART_AddressDetectionConfig             0x08001cd3   Thumb Code    16  stm32f0xx_usart.o(.text)
    USART_LINBreakDetectLengthConfig         0x08001ce3   Thumb Code    16  stm32f0xx_usart.o(.text)
    USART_LINCmd                             0x08001cf3   Thumb Code    28  stm32f0xx_usart.o(.text)
    USART_HalfDuplexCmd                      0x08001d0f   Thumb Code    24  stm32f0xx_usart.o(.text)
    USART_SetGuardTime                       0x08001d27   Thumb Code    16  stm32f0xx_usart.o(.text)
    USART_SmartCardCmd                       0x08001d37   Thumb Code    24  stm32f0xx_usart.o(.text)
    USART_SmartCardNACKCmd                   0x08001d4f   Thumb Code    24  stm32f0xx_usart.o(.text)
    USART_SetAutoRetryCount                  0x08001d67   Thumb Code    20  stm32f0xx_usart.o(.text)
    USART_SetBlockLength                     0x08001d7b   Thumb Code    18  stm32f0xx_usart.o(.text)
    USART_IrDAConfig                         0x08001d8d   Thumb Code    16  stm32f0xx_usart.o(.text)
    USART_IrDACmd                            0x08001d9d   Thumb Code    40  stm32f0xx_usart.o(.text)
    USART_DECmd                              0x08001dc5   Thumb Code    28  stm32f0xx_usart.o(.text)
    USART_DEPolarityConfig                   0x08001de1   Thumb Code    18  stm32f0xx_usart.o(.text)
    USART_SetDEAssertionTime                 0x08001df3   Thumb Code    20  stm32f0xx_usart.o(.text)
    USART_SetDEDeassertionTime               0x08001e07   Thumb Code    20  stm32f0xx_usart.o(.text)
    USART_DMACmd                             0x08001e1b   Thumb Code    20  stm32f0xx_usart.o(.text)
    USART_DMAReceptionErrorConfig            0x08001e2f   Thumb Code    18  stm32f0xx_usart.o(.text)
    USART_ITConfig                           0x08001e41   Thumb Code    66  stm32f0xx_usart.o(.text)
    USART_RequestCmd                         0x08001e83   Thumb Code    20  stm32f0xx_usart.o(.text)
    USART_OverrunDetectionConfig             0x08001e97   Thumb Code    18  stm32f0xx_usart.o(.text)
    USART_GetFlagStatus                      0x08001ea9   Thumb Code    20  stm32f0xx_usart.o(.text)
    USART_ClearFlag                          0x08001ebd   Thumb Code     4  stm32f0xx_usart.o(.text)
    USART_GetITStatus                        0x08001ec1   Thumb Code    78  stm32f0xx_usart.o(.text)
    USART_ClearITPendingBit                  0x08001f0f   Thumb Code    18  stm32f0xx_usart.o(.text)
    main                                     0x08001f21   Thumb Code    92  main.o(.text)
    NMI_Handler                              0x08001f85   Thumb Code     2  stm32f0xx_it.o(.text)
    HardFault_Handler                        0x08001f87   Thumb Code     4  stm32f0xx_it.o(.text)
    SVC_Handler                              0x08001f8b   Thumb Code     2  stm32f0xx_it.o(.text)
    PendSV_Handler                           0x08001f8d   Thumb Code     2  stm32f0xx_it.o(.text)
    EXTI0_1_IRQHandler                       0x08001f8f   Thumb Code    20  stm32f0xx_it.o(.text)
    SysTick_Handler                          0x08001fa3   Thumb Code     2  stm32f0xx_it.o(.text)
    TIM2_IRQHandler                          0x08001fa5   Thumb Code   164  stm32f0xx_it.o(.text)
    USART1_IRQHandler                        0x08002049   Thumb Code    10  stm32f0xx_it.o(.text)
    TIM3_IRQHandler                          0x08002053   Thumb Code    96  stm32f0xx_it.o(.text)
    BSP_Init                                 0x080020ef   Thumb Code    48  bsp.o(.text)
    NVIC_UsartConfig                         0x0800219b   Thumb Code    22  bsp_usart.o(.text)
    USART_GPIO_Init                          0x080021b1   Thumb Code   184  bsp_usart.o(.text)
    USART_Senddata                           0x08002287   Thumb Code    32  bsp_usart.o(.text)
    RS485_SendData                           0x080022a7   Thumb Code    44  bsp_usart.o(.text)
    UartIRQ                                  0x080022d3   Thumb Code    52  bsp_usart.o(.text)
    SystickConfig                            0x08002325   Thumb Code    42  bsp_systick.o(.text)
    Delay_ms                                 0x0800234f   Thumb Code    54  bsp_systick.o(.text)
    Delay_us                                 0x08002385   Thumb Code    54  bsp_systick.o(.text)
    DAC_InitConfig                           0x080023c9   Thumb Code    56  bsp_dac.o(.text)
    DAC_VolOutput                            0x08002401   Thumb Code    72  bsp_dac.o(.text)
    LED_Init                                 0x08002455   Thumb Code    42  bsp_led.o(.text)
    LED_SetStatus                            0x0800247f   Thumb Code   126  bsp_led.o(.text)
    DO_InitConfig                            0x080024fd   Thumb Code    40  bsp_led.o(.text)
    DO_Output                                0x08002525   Thumb Code    32  bsp_led.o(.text)
    TIM2_InitConfig                          0x080025a5   Thumb Code    12  bsp_timer.o(.text)
    CRC16_Modbus                             0x080025b5   Thumb Code    46  internalmodbus.o(.text)
    MODS_ReceieveNew                         0x08002663   Thumb Code    40  internalmodbus.o(.text)
    MODS_Poll                                0x080026af   Thumb Code    60  internalmodbus.o(.text)
    MODS_SlaveReply                          0x08002733   Thumb Code   144  internalmodbus.o(.text)
    MODS_CommProcess                         0x080027df   Thumb Code     8  internalmodbus.o(.text)
    Infra_Init                               0x080028a9   Thumb Code    12  infrareceive.o(.text)
    BoardLightEnable                         0x080028b5   Thumb Code   274  infrareceive.o(.text)
    InfraRecvProcess                         0x080029c7   Thumb Code    14  infrareceive.o(.text)
    st_strlen                                0x080029e9   Thumb Code    22  st_string.o(.text)
    st_strcmp                                0x080029ff   Thumb Code    40  st_string.o(.text)
    st_strcpy                                0x08002a27   Thumb Code    24  st_string.o(.text)
    st_strncmp                               0x08002a3f   Thumb Code    48  st_string.o(.text)
    st_toupper                               0x08002a6f   Thumb Code    24  st_string.o(.text)
    st_strcat                                0x08002a87   Thumb Code    38  st_string.o(.text)
    st_memcpy                                0x08002aad   Thumb Code    26  st_string.o(.text)
    st_memset                                0x08002ac7   Thumb Code    24  st_string.o(.text)
    st_memcmp                                0x08002adf   Thumb Code    46  st_string.o(.text)
    HC595Init                                0x08002b0d   Thumb Code    42  74hc595.o(.text)
    HC595Send                                0x08002b37   Thumb Code    76  74hc595.o(.text)
    HC595Load                                0x08002b83   Thumb Code    14  74hc595.o(.text)
    LED_RowOn                                0x08002b91   Thumb Code    40  74hc595.o(.text)
    LED_RowOut                               0x08002bb9   Thumb Code    38  74hc595.o(.text)
    TUBE_ShowData                            0x08002bdf   Thumb Code     2  74hc595.o(.text)
    __aeabi_uidiv                            0x08002be5   Thumb Code     0  uidiv.o(.text)
    __aeabi_uidivmod                         0x08002be5   Thumb Code    44  uidiv.o(.text)
    __aeabi_dmul                             0x08002c11   Thumb Code   202  dmul.o(.text)
    __aeabi_ddiv                             0x08002ce1   Thumb Code   234  ddiv.o(.text)
    __aeabi_f2uiz                            0x08002dd1   Thumb Code    40  ffixui.o(.text)
    __aeabi_f2d                              0x08002df9   Thumb Code    40  f2d.o(.text)
    __aeabi_d2f                              0x08002e21   Thumb Code    56  d2f.o(.text)
    __I$use$fp                               0x08002e59   Thumb Code     0  iusefp.o(.text)
    _float_round                             0x08002e59   Thumb Code    16  fepilogue.o(.text)
    _float_epilogue                          0x08002e69   Thumb Code   114  fepilogue.o(.text)
    _double_round                            0x08002edb   Thumb Code    26  depilogue.o(.text)
    _double_epilogue                         0x08002ef5   Thumb Code   164  depilogue.o(.text)
    __scatterload                            0x08002f99   Thumb Code    28  init.o(.text)
    __scatterload_rt2                        0x08002f99   Thumb Code     0  init.o(.text)
    __aeabi_llsl                             0x08002fbd   Thumb Code    32  llshl.o(.text)
    __semihosting_library_function           0x08002fbd   Thumb Code     0  semi.o(.text)
    _ll_shift_l                              0x08002fbd   Thumb Code     0  llshl.o(.text)
    __aeabi_llsr                             0x08002fdd   Thumb Code    34  llushr.o(.text)
    _ll_ushift_r                             0x08002fdd   Thumb Code     0  llushr.o(.text)
    __I$use$semihosting$fputc                0x08002fff   Thumb Code     0  iusesemip.o(.text)
    __0printf$1                              0x08003001   Thumb Code    24  printf1.o(i.__0printf$1)
    __1printf$1                              0x08003001   Thumb Code     0  printf1.o(i.__0printf$1)
    __2printf                                0x08003001   Thumb Code     0  printf1.o(i.__0printf$1)
    __ARM_clz                                0x08003021   Thumb Code    46  depilogue.o(i.__ARM_clz)
    __ARM_common_switch8                     0x0800304f   Thumb Code    28  internalmodbus.o(i.__ARM_common_switch8)
    __scatterload_copy                       0x0800306b   Thumb Code    14  handlers.o(i.__scatterload_copy)
    __scatterload_null                       0x08003079   Thumb Code     2  handlers.o(i.__scatterload_null)
    __scatterload_zeroinit                   0x0800307b   Thumb Code    14  handlers.o(i.__scatterload_zeroinit)
    fputc                                    0x080031d9   Thumb Code    18  fputc.o(i.fputc)
    s_CRCLo                                  0x080032ea   Data         256  internalmodbus.o(.constdata)
    Region$$Table$$Base                      0x080033ec   Number         0  anon$$obj.o(Region$$Table)
    Region$$Table$$Limit                     0x0800340c   Number         0  anon$$obj.o(Region$$Table)
    SystemCoreClock                          0x20000000   Data           4  system_stm32f0xx.o(.data)
    AHBPrescTable                            0x20000004   Data          16  system_stm32f0xx.o(.data)
    tim2_1s_flag                             0x20000024   Data           1  main.o(.data)
    tube_num                                 0x20000026   Data           2  main.o(.data)
    DO_Voltage                               0x20000028   Data           4  main.o(.data)
    ch                                       0x2000002c   Data           1  stm32f0xx_it.o(.data)
    infra_time_flag                          0x20000034   Data           2  infrareceive.o(.data)
    infra_led_mark                           0x20000036   Data           1  infrareceive.o(.data)
    tube_flag                                0x20000037   Data           1  74hc595.o(.data)
    __stdout                                 0x20000038   Data           4  stdout.o(.data)
    g_tUart1                                 0x2000003c   Data          40  bsp_usart.o(.bss)
    g_tModS                                  0x20000264   Data         515  internalmodbus.o(.bss)
    __initial_sp                             0x20000868   Data           0  startup_stm32f0xx.o(STACK)



==============================================================================

Memory Map of the image

  Image Entry point : 0x080000c1

  Load Region LR_IROM1 (Base: 0x08000000, Size: 0x00003448, Max: 0x00010000, ABSOLUTE)

    Execution Region ER_IROM1 (Base: 0x08000000, Size: 0x0000340c, Max: 0x00010000, ABSOLUTE)

    Base Addr    Size         Type   Attr      Idx    E Section Name        Object

    0x08000000   0x000000c0   Data   RO            3    RESET               startup_stm32f0xx.o
    0x080000c0   0x00000000   Code   RO          828  * .ARM.Collect$$$$00000000  mc_p.l(entry.o)
    0x080000c0   0x00000004   Code   RO         1104    .ARM.Collect$$$$00000001  mc_p.l(entry2.o)
    0x080000c4   0x00000004   Code   RO         1107    .ARM.Collect$$$$00000004  mc_p.l(entry5.o)
    0x080000c8   0x00000000   Code   RO         1109    .ARM.Collect$$$$00000008  mc_p.l(entry7b.o)
    0x080000c8   0x00000000   Code   RO         1111    .ARM.Collect$$$$0000000A  mc_p.l(entry8b.o)
    0x080000c8   0x00000008   Code   RO         1112    .ARM.Collect$$$$0000000B  mc_p.l(entry9a.o)
    0x080000d0   0x00000000   Code   RO         1114    .ARM.Collect$$$$0000000D  mc_p.l(entry10a.o)
    0x080000d0   0x00000000   Code   RO         1116    .ARM.Collect$$$$0000000F  mc_p.l(entry11a.o)
    0x080000d0   0x00000004   Code   RO         1105    .ARM.Collect$$$$00002712  mc_p.l(entry2.o)
    0x080000d4   0x0000001c   Code   RO            4    .text               startup_stm32f0xx.o
    0x080000f0   0x000001f8   Code   RO           11    .text               system_stm32f0xx.o
    0x080002e8   0x0000017c   Code   RO          165    .text               stm32f0xx_dac.o
    0x08000464   0x00000108   Code   RO          216    .text               stm32f0xx_exti.o
    0x0800056c   0x000001f0   Code   RO          251    .text               stm32f0xx_gpio.o
    0x0800075c   0x000000b4   Code   RO          302    .text               stm32f0xx_misc.o
    0x08000810   0x000005f8   Code   RO          337    .text               stm32f0xx_rcc.o
    0x08000e08   0x00000bcc   Code   RO          409    .text               stm32f0xx_tim.o
    0x080019d4   0x0000054c   Code   RO          425    .text               stm32f0xx_usart.o
    0x08001f20   0x00000064   Code   RO          457    .text               main.o
    0x08001f84   0x00000154   Code   RO          568    .text               stm32f0xx_it.o
    0x080020d8   0x0000008c   Code   RO          599    .text               bsp.o
    0x08002164   0x000001c0   Code   RO          615    .text               bsp_usart.o
    0x08002324   0x000000a4   Code   RO          641    .text               bsp_systick.o
    0x080023c8   0x0000008c   Code   RO          681    .text               bsp_dac.o
    0x08002454   0x000000f8   Code   RO          700    .text               bsp_led.o
    0x0800254c   0x00000068   Code   RO          719    .text               bsp_timer.o
    0x080025b4   0x0000024c   Code   RO          738    .text               internalmodbus.o
    0x08002800   0x000001e8   Code   RO          770    .text               infrareceive.o
    0x080029e8   0x00000124   Code   RO          791    .text               st_string.o
    0x08002b0c   0x000000d8   Code   RO          807    .text               74hc595.o
    0x08002be4   0x0000002c   Code   RO          831    .text               mc_p.l(uidiv.o)
    0x08002c10   0x000000d0   Code   RO         1094    .text               mf_p.l(dmul.o)
    0x08002ce0   0x000000f0   Code   RO         1096    .text               mf_p.l(ddiv.o)
    0x08002dd0   0x00000028   Code   RO         1098    .text               mf_p.l(ffixui.o)
    0x08002df8   0x00000028   Code   RO         1100    .text               mf_p.l(f2d.o)
    0x08002e20   0x00000038   Code   RO         1102    .text               mf_p.l(d2f.o)
    0x08002e58   0x00000000   Code   RO         1123    .text               mc_p.l(iusefp.o)
    0x08002e58   0x00000082   Code   RO         1124    .text               mf_p.l(fepilogue.o)
    0x08002eda   0x000000be   Code   RO         1126    .text               mf_p.l(depilogue.o)
    0x08002f98   0x00000024   Code   RO         1136    .text               mc_p.l(init.o)
    0x08002fbc   0x00000000   Code   RO         1138    .text               mc_p.l(semi.o)
    0x08002fbc   0x00000020   Code   RO         1139    .text               mc_p.l(llshl.o)
    0x08002fdc   0x00000022   Code   RO         1141    .text               mc_p.l(llushr.o)
    0x08002ffe   0x00000000   Code   RO         1145    .text               mc_p.l(iusesemip.o)
    0x08002ffe   0x00000002   PAD
    0x08003000   0x00000020   Code   RO          878    i.__0printf$1       mc_p.l(printf1.o)
    0x08003020   0x0000002e   Code   RO         1128    i.__ARM_clz         mf_p.l(depilogue.o)
    0x0800304e   0x0000001c   Code   RO          754    i.__ARM_common_switch8  internalmodbus.o
    0x0800306a   0x0000000e   Code   RO         1148    i.__scatterload_copy  mc_p.l(handlers.o)
    0x08003078   0x00000002   Code   RO         1149    i.__scatterload_null  mc_p.l(handlers.o)
    0x0800307a   0x0000000e   Code   RO         1150    i.__scatterload_zeroinit  mc_p.l(handlers.o)
    0x08003088   0x00000150   Code   RO          885    i._printf_core      mc_p.l(printf1.o)
    0x080031d8   0x00000012   Code   RO         1118    i.fputc             mc_p.l(fputc.o)
    0x080031ea   0x00000200   Data   RO          740    .constdata          internalmodbus.o
    0x080033ea   0x00000002   PAD
    0x080033ec   0x00000020   Data   RO         1146    Region$$Table       anon$$obj.o


    Execution Region RW_IRAM1 (Base: 0x20000000, Size: 0x00000868, Max: 0x00002000, ABSOLUTE)

    Base Addr    Size         Type   Attr      Idx    E Section Name        Object

    0x20000000   0x00000014   Data   RW           12    .data               system_stm32f0xx.o
    0x20000014   0x00000010   Data   RW          338    .data               stm32f0xx_rcc.o
    0x20000024   0x00000008   Data   RW          458    .data               main.o
    0x2000002c   0x00000004   Data   RW          570    .data               stm32f0xx_it.o
    0x20000030   0x00000004   Data   RW          642    .data               bsp_systick.o
    0x20000034   0x00000003   Data   RW          771    .data               infrareceive.o
    0x20000037   0x00000001   Data   RW          808    .data               74hc595.o
    0x20000038   0x00000004   Data   RW         1120    .data               mc_p.l(stdout.o)
    0x2000003c   0x00000228   Zero   RW          616    .bss                bsp_usart.o
    0x20000264   0x00000203   Zero   RW          739    .bss                internalmodbus.o
    0x20000467   0x00000001   PAD
    0x20000468   0x00000400   Zero   RW            1    STACK               startup_stm32f0xx.o


==============================================================================

Image component sizes


      Code (inc. data)   RO Data    RW Data    ZI Data      Debug   Object Name

       216          4          0          1          0       1791   74hc595.o
       140         70          0          0          0        539   bsp.o
       140         12          0          0          0        799   bsp_dac.o
       248          8          0          0          0       1781   bsp_led.o
       164         14          0          4          0       1098   bsp_systick.o
       104          4          0          0          0        782   bsp_timer.o
       448         30          0          0        552       4092   bsp_usart.o
       488         30          0          3          0       2912   infrareceive.o
       616         38        512          0        515       4345   internalmodbus.o
       100          8          0          8          0       5118   main.o
       292          0          0          0          0       2746   st_string.o
        28          8        192          0       1024        760   startup_stm32f0xx.o
       380          4          0          0          0       3785   stm32f0xx_dac.o
       264         14          0          0          0       2367   stm32f0xx_exti.o
       496         22          0          0          0       3837   stm32f0xx_gpio.o
       340         38          0          4          0       2305   stm32f0xx_it.o
       180         14          0          0          0       1456   stm32f0xx_misc.o
      1528         42          0         16          0       8722   stm32f0xx_rcc.o
      3020        118          0          0          0      23017   stm32f0xx_tim.o
      1356         16          0          0          0      11998   stm32f0xx_usart.o
       504         34          0         20          0     139471   system_stm32f0xx.o

    ----------------------------------------------------------------------
     11052        528        738         56       2092     223721   Object Totals
         0          0         32          0          0          0   (incl. Generated)
         0          0          2          0          1          0   (incl. Padding)

    ----------------------------------------------------------------------

      Code (inc. data)   RO Data    RW Data    ZI Data      Debug   Library Member Name

         0          0          0          0          0          0   entry.o
         0          0          0          0          0          0   entry10a.o
         0          0          0          0          0          0   entry11a.o
         8          4          0          0          0          0   entry2.o
         4          0          0          0          0          0   entry5.o
         0          0          0          0          0          0   entry7b.o
         0          0          0          0          0          0   entry8b.o
         8          4          0          0          0          0   entry9a.o
        18          0          0          0          0         72   fputc.o
        30          0          0          0          0          0   handlers.o
        36          8          0          0          0         68   init.o
         0          0          0          0          0          0   iusefp.o
         0          0          0          0          0          0   iusesemip.o
        32          0          0          0          0         68   llshl.o
        34          0          0          0          0         68   llushr.o
       368         12          0          0          0        168   printf1.o
         0          0          0          0          0          0   semi.o
         0          0          0          4          0          0   stdout.o
        44          0          0          0          0         72   uidiv.o
        56          0          0          0          0         68   d2f.o
       240          6          0          0          0         84   ddiv.o
       236          0          0          0          0        216   depilogue.o
       208          6          0          0          0         88   dmul.o
        40          0          0          0          0         60   f2d.o
       130          0          0          0          0        144   fepilogue.o
        40          0          0          0          0         60   ffixui.o

    ----------------------------------------------------------------------
      1534         40          0          4          0       1236   Library Totals
         2          0          0          0          0          0   (incl. Padding)

    ----------------------------------------------------------------------

      Code (inc. data)   RO Data    RW Data    ZI Data      Debug   Library Name

       582         28          0          4          0        516   mc_p.l
       950         12          0          0          0        720   mf_p.l

    ----------------------------------------------------------------------
      1534         40          0          4          0       1236   Library Totals

    ----------------------------------------------------------------------

==============================================================================


      Code (inc. data)   RO Data    RW Data    ZI Data      Debug   

     12586        568        738         60       2092     223129   Grand Totals
     12586        568        738         60       2092     223129   ELF Image Totals
     12586        568        738         60          0          0   ROM Totals

==============================================================================

    Total RO  Size (Code + RO Data)                13324 (  13.01kB)
    Total RW  Size (RW Data + ZI Data)              2152 (   2.10kB)
    Total ROM Size (Code + RO Data + RW Data)      13384 (  13.07kB)

==============================================================================

