<html>
<body>
<pre>
<h1>µVision Build Log</h1>
<h2>Tool Versions:</h2>
IDE-Version: ¦ÌVision V5.23.0.0
Copyright (C) 2017 ARM Ltd and ARM Germany GmbH. All rights reserved.
License Information: A Microsoft, Microsoft, LIC=CRMWF-6MFPM-GQS0H-WSN08-R87HA-4LFDU
 
Tool Versions:
Toolchain:       MDK-ARM Professional  Version: 5.23
Toolchain Path:  D:\Program Files\keilV5\ARM\ARMCC\Bin
C Compiler:      Armcc.exe V5.06 update 4 (build 422)
Assembler:       Armasm.exe V5.06 update 4 (build 422)
Linker/Locator:  ArmLink.exe V5.06 update 4 (build 422)
Library Manager: ArmAr.exe V5.06 update 4 (build 422)
Hex Converter:   FromElf.exe V5.06 update 4 (build 422)
CPU DLL:         SARMCM3.DLL V5.23
Dialog DLL:      DARMCM1.DLL V1.17.0.0
Target DLL:      Segger\JL2CM3.dll V2.99.23.0
Dialog DLL:      TARMCM1.DLL V1.12.0.0
 
<h2>Project:</h2>
F:\STM32F030C8_HENRY\MDK-ARM\STM32F0xx-Infra.uvproj
Project File Date:  04/18/2019

<h2>Output:</h2>
*** Using Compiler 'V5.06 update 4 (build 422)', folder: 'D:\Program Files\keilV5\ARM\ARMCC\Bin'
Build target 'STM32F0-Infra'
compiling bsp.c...
compiling stm32f0xx_it.c...
compiling main.c...
compiling bsp_led.c...
linking...
Program Size: Code=12586 RO-data=738 RW-data=60 ZI-data=2092  
FromELF: creating hex file...
".\Output\STM32F0xx-Temp.axf" - 0 Error(s), 0 Warning(s).
Build Time Elapsed:  00:00:02
</pre>
</body>
</html>
